interactions:
- request:
    body: !!python/unicode '{"id": "1.1"}'
    headers:
      Accept: ['*/*']
      Accept-Encoding: ['gzip, deflate']
      Connection: [keep-alive]
      Content-Length: ['13']
      Content-Type: [application/json]
      User-Agent: ['ckanapi/4.0 (+https://github.com/ckan/ckanapi)']
    method: POST
    uri: http://localhost:8080/api/action/dataset_purge
  response:
    body: {string: !!python/unicode '{"help": "http://localhost:8080/api/3/action/help_show?name=dataset_purge",
        "success": true, "result": null}'}
    headers:
      cache-control: [no-cache]
      connection: [Keep-Alive]
      content-length: ['108']
      content-type: [application/json;charset=utf-8]
      date: ['Fri, 23 Feb 2018 15:37:17 GMT']
      keep-alive: ['timeout=5, max=100']
      pragma: [no-cache]
      server: [Apache/2.4.7 (Ubuntu)]
    status: {code: 200, message: OK}
- request:
    body: !!python/unicode '{"id": "2.1"}'
    headers:
      Accept: ['*/*']
      Accept-Encoding: ['gzip, deflate']
      Connection: [keep-alive]
      Content-Length: ['13']
      Content-Type: [application/json]
      User-Agent: ['ckanapi/4.0 (+https://github.com/ckan/ckanapi)']
    method: POST
    uri: http://localhost:8080/api/action/dataset_purge
  response:
    body: {string: !!python/unicode '{"help": "http://localhost:8080/api/3/action/help_show?name=dataset_purge",
        "success": true, "result": null}'}
    headers:
      cache-control: [no-cache]
      connection: [Keep-Alive]
      content-length: ['108']
      content-type: [application/json;charset=utf-8]
      date: ['Fri, 23 Feb 2018 15:37:18 GMT']
      keep-alive: ['timeout=5, max=99']
      pragma: [no-cache]
      server: [Apache/2.4.7 (Ubuntu)]
    status: {code: 200, message: OK}
- request:
    body: !!python/unicode '{"id": "2.2"}'
    headers:
      Accept: ['*/*']
      Accept-Encoding: ['gzip, deflate']
      Connection: [keep-alive]
      Content-Length: ['13']
      Content-Type: [application/json]
      User-Agent: ['ckanapi/4.0 (+https://github.com/ckan/ckanapi)']
    method: POST
    uri: http://localhost:8080/api/action/dataset_purge
  response:
    body: {string: !!python/unicode '{"help": "http://localhost:8080/api/3/action/help_show?name=dataset_purge",
        "success": true, "result": null}'}
    headers:
      cache-control: [no-cache]
      connection: [Keep-Alive]
      content-length: ['108']
      content-type: [application/json;charset=utf-8]
      date: ['Fri, 23 Feb 2018 15:37:18 GMT']
      keep-alive: ['timeout=5, max=98']
      pragma: [no-cache]
      server: [Apache/2.4.7 (Ubuntu)]
    status: {code: 200, message: OK}
- request:
    body: !!python/unicode '{"id": "3.1"}'
    headers:
      Accept: ['*/*']
      Accept-Encoding: ['gzip, deflate']
      Connection: [keep-alive]
      Content-Length: ['13']
      Content-Type: [application/json]
      User-Agent: ['ckanapi/4.0 (+https://github.com/ckan/ckanapi)']
    method: POST
    uri: http://localhost:8080/api/action/dataset_purge
  response:
    body: {string: !!python/unicode '{"help": "http://localhost:8080/api/3/action/help_show?name=dataset_purge",
        "success": true, "result": null}'}
    headers:
      cache-control: [no-cache]
      connection: [Keep-Alive]
      content-length: ['108']
      content-type: [application/json;charset=utf-8]
      date: ['Fri, 23 Feb 2018 15:37:18 GMT']
      keep-alive: ['timeout=5, max=97']
      pragma: [no-cache]
      server: [Apache/2.4.7 (Ubuntu)]
    status: {code: 200, message: OK}
- request:
    body: !!python/unicode '{"id": "3.2"}'
    headers:
      Accept: ['*/*']
      Accept-Encoding: ['gzip, deflate']
      Connection: [keep-alive]
      Content-Length: ['13']
      Content-Type: [application/json]
      User-Agent: ['ckanapi/4.0 (+https://github.com/ckan/ckanapi)']
    method: POST
    uri: http://localhost:8080/api/action/dataset_purge
  response:
    body: {string: !!python/unicode '{"help": "http://localhost:8080/api/3/action/help_show?name=dataset_purge",
        "success": true, "result": null}'}
    headers:
      cache-control: [no-cache]
      connection: [Keep-Alive]
      content-length: ['108']
      content-type: [application/json;charset=utf-8]
      date: ['Fri, 23 Feb 2018 15:37:18 GMT']
      keep-alive: ['timeout=5, max=96']
      pragma: [no-cache]
      server: [Apache/2.4.7 (Ubuntu)]
    status: {code: 200, message: OK}
- request:
    body: !!python/unicode '{"id": "3.3"}'
    headers:
      Accept: ['*/*']
      Accept-Encoding: ['gzip, deflate']
      Connection: [keep-alive]
      Content-Length: ['13']
      Content-Type: [application/json]
      User-Agent: ['ckanapi/4.0 (+https://github.com/ckan/ckanapi)']
    method: POST
    uri: http://localhost:8080/api/action/dataset_purge
  response:
    body: {string: !!python/unicode '{"help": "http://localhost:8080/api/3/action/help_show?name=dataset_purge",
        "success": true, "result": null}'}
    headers:
      cache-control: [no-cache]
      connection: [Keep-Alive]
      content-length: ['108']
      content-type: [application/json;charset=utf-8]
      date: ['Fri, 23 Feb 2018 15:37:18 GMT']
      keep-alive: ['timeout=5, max=95']
      pragma: [no-cache]
      server: [Apache/2.4.7 (Ubuntu)]
    status: {code: 200, message: OK}
- request:
    body: !!python/unicode '{"id": "1.1"}'
    headers:
      Accept: ['*/*']
      Accept-Encoding: ['gzip, deflate']
      Connection: [keep-alive]
      Content-Length: ['13']
      Content-Type: [application/json]
      User-Agent: ['ckanapi/4.0 (+https://github.com/ckan/ckanapi)']
    method: POST
    uri: http://localhost:8080/api/action/dataset_purge
  response:
    body: {string: !!python/unicode '{"help": "http://localhost:8080/api/3/action/help_show?name=dataset_purge",
        "success": false, "error": {"message": "No encontrado: Dataset was not found",
        "__type": "Not Found Error"}}'}
    headers:
      cache-control: [no-cache]
      connection: [Keep-Alive]
      content-length: ['184']
      content-type: [application/json;charset=utf-8]
      date: ['Fri, 23 Feb 2018 15:37:23 GMT']
      keep-alive: ['timeout=5, max=100']
      pragma: [no-cache]
      server: [Apache/2.4.7 (Ubuntu)]
    status: {code: 404, message: Not Found}
- request:
    body: !!python/unicode '{"id": "2.1"}'
    headers:
      Accept: ['*/*']
      Accept-Encoding: ['gzip, deflate']
      Connection: [keep-alive]
      Content-Length: ['13']
      Content-Type: [application/json]
      User-Agent: ['ckanapi/4.0 (+https://github.com/ckan/ckanapi)']
    method: POST
    uri: http://localhost:8080/api/action/dataset_purge
  response:
    body: {string: !!python/unicode '{"help": "http://localhost:8080/api/3/action/help_show?name=dataset_purge",
        "success": false, "error": {"message": "No encontrado: Dataset was not found",
        "__type": "Not Found Error"}}'}
    headers:
      cache-control: [no-cache]
      connection: [Keep-Alive]
      content-length: ['184']
      content-type: [application/json;charset=utf-8]
      date: ['Fri, 23 Feb 2018 15:37:23 GMT']
      keep-alive: ['timeout=5, max=99']
      pragma: [no-cache]
      server: [Apache/2.4.7 (Ubuntu)]
    status: {code: 404, message: Not Found}
- request:
    body: !!python/unicode '{"id": "2.2"}'
    headers:
      Accept: ['*/*']
      Accept-Encoding: ['gzip, deflate']
      Connection: [keep-alive]
      Content-Length: ['13']
      Content-Type: [application/json]
      User-Agent: ['ckanapi/4.0 (+https://github.com/ckan/ckanapi)']
    method: POST
    uri: http://localhost:8080/api/action/dataset_purge
  response:
    body: {string: !!python/unicode '{"help": "http://localhost:8080/api/3/action/help_show?name=dataset_purge",
        "success": true, "result": null}'}
    headers:
      cache-control: [no-cache]
      connection: [Keep-Alive]
      content-length: ['108']
      content-type: [application/json;charset=utf-8]
      date: ['Fri, 23 Feb 2018 15:37:23 GMT']
      keep-alive: ['timeout=5, max=98']
      pragma: [no-cache]
      server: [Apache/2.4.7 (Ubuntu)]
    status: {code: 200, message: OK}
- request:
    body: !!python/unicode '{"id": "3.1"}'
    headers:
      Accept: ['*/*']
      Accept-Encoding: ['gzip, deflate']
      Connection: [keep-alive]
      Content-Length: ['13']
      Content-Type: [application/json]
      User-Agent: ['ckanapi/4.0 (+https://github.com/ckan/ckanapi)']
    method: POST
    uri: http://localhost:8080/api/action/dataset_purge
  response:
    body: {string: !!python/unicode '{"help": "http://localhost:8080/api/3/action/help_show?name=dataset_purge",
        "success": false, "error": {"message": "No encontrado: Dataset was not found",
        "__type": "Not Found Error"}}'}
    headers:
      cache-control: [no-cache]
      connection: [Keep-Alive]
      content-length: ['184']
      content-type: [application/json;charset=utf-8]
      date: ['Fri, 23 Feb 2018 15:37:23 GMT']
      keep-alive: ['timeout=5, max=97']
      pragma: [no-cache]
      server: [Apache/2.4.7 (Ubuntu)]
    status: {code: 404, message: Not Found}
- request:
    body: !!python/unicode '{"id": "3.2"}'
    headers:
      Accept: ['*/*']
      Accept-Encoding: ['gzip, deflate']
      Connection: [keep-alive]
      Content-Length: ['13']
      Content-Type: [application/json]
      User-Agent: ['ckanapi/4.0 (+https://github.com/ckan/ckanapi)']
    method: POST
    uri: http://localhost:8080/api/action/dataset_purge
  response:
    body: {string: !!python/unicode '{"help": "http://localhost:8080/api/3/action/help_show?name=dataset_purge",
        "success": true, "result": null}'}
    headers:
      cache-control: [no-cache]
      connection: [Keep-Alive]
      content-length: ['108']
      content-type: [application/json;charset=utf-8]
      date: ['Fri, 23 Feb 2018 15:37:23 GMT']
      keep-alive: ['timeout=5, max=96']
      pragma: [no-cache]
      server: [Apache/2.4.7 (Ubuntu)]
    status: {code: 200, message: OK}
- request:
    body: !!python/unicode '{"id": "3.3"}'
    headers:
      Accept: ['*/*']
      Accept-Encoding: ['gzip, deflate']
      Connection: [keep-alive]
      Content-Length: ['13']
      Content-Type: [application/json]
      User-Agent: ['ckanapi/4.0 (+https://github.com/ckan/ckanapi)']
    method: POST
    uri: http://localhost:8080/api/action/dataset_purge
  response:
    body: {string: !!python/unicode '{"help": "http://localhost:8080/api/3/action/help_show?name=dataset_purge",
        "success": false, "error": {"message": "No encontrado: Dataset was not found",
        "__type": "Not Found Error"}}'}
    headers:
      cache-control: [no-cache]
      connection: [Keep-Alive]
      content-length: ['184']
      content-type: [application/json;charset=utf-8]
      date: ['Fri, 23 Feb 2018 15:37:23 GMT']
      keep-alive: ['timeout=5, max=95']
      pragma: [no-cache]
      server: [Apache/2.4.7 (Ubuntu)]
    status: {code: 404, message: Not Found}
- request:
    body: !!python/unicode '{"id": "1.1"}'
    headers:
      Accept: ['*/*']
      Accept-Encoding: ['gzip, deflate']
      Connection: [keep-alive]
      Content-Length: ['13']
      Content-Type: [application/json]
      User-Agent: ['ckanapi/4.0 (+https://github.com/ckan/ckanapi)']
    method: POST
    uri: http://localhost:8080/api/action/dataset_purge
  response:
    body: {string: !!python/unicode '{"help": "http://localhost:8080/api/3/action/help_show?name=dataset_purge",
        "success": true, "result": null}'}
    headers:
      cache-control: [no-cache]
      connection: [Keep-Alive]
      content-length: ['108']
      content-type: [application/json;charset=utf-8]
      date: ['Fri, 23 Feb 2018 15:37:28 GMT']
      keep-alive: ['timeout=5, max=100']
      pragma: [no-cache]
      server: [Apache/2.4.7 (Ubuntu)]
    status: {code: 200, message: OK}
- request:
    body: !!python/unicode '{"id": "2.1"}'
    headers:
      Accept: ['*/*']
      Accept-Encoding: ['gzip, deflate']
      Connection: [keep-alive]
      Content-Length: ['13']
      Content-Type: [application/json]
      User-Agent: ['ckanapi/4.0 (+https://github.com/ckan/ckanapi)']
    method: POST
    uri: http://localhost:8080/api/action/dataset_purge
  response:
    body: {string: !!python/unicode '{"help": "http://localhost:8080/api/3/action/help_show?name=dataset_purge",
        "success": true, "result": null}'}
    headers:
      cache-control: [no-cache]
      connection: [Keep-Alive]
      content-length: ['108']
      content-type: [application/json;charset=utf-8]
      date: ['Fri, 23 Feb 2018 15:37:28 GMT']
      keep-alive: ['timeout=5, max=99']
      pragma: [no-cache]
      server: [Apache/2.4.7 (Ubuntu)]
    status: {code: 200, message: OK}
- request:
    body: !!python/unicode '{"id": "2.2"}'
    headers:
      Accept: ['*/*']
      Accept-Encoding: ['gzip, deflate']
      Connection: [keep-alive]
      Content-Length: ['13']
      Content-Type: [application/json]
      User-Agent: ['ckanapi/4.0 (+https://github.com/ckan/ckanapi)']
    method: POST
    uri: http://localhost:8080/api/action/dataset_purge
  response:
    body: {string: !!python/unicode '{"help": "http://localhost:8080/api/3/action/help_show?name=dataset_purge",
        "success": true, "result": null}'}
    headers:
      cache-control: [no-cache]
      connection: [Keep-Alive]
      content-length: ['108']
      content-type: [application/json;charset=utf-8]
      date: ['Fri, 23 Feb 2018 15:37:28 GMT']
      keep-alive: ['timeout=5, max=98']
      pragma: [no-cache]
      server: [Apache/2.4.7 (Ubuntu)]
    status: {code: 200, message: OK}
- request:
    body: !!python/unicode '{"id": "3.1"}'
    headers:
      Accept: ['*/*']
      Accept-Encoding: ['gzip, deflate']
      Connection: [keep-alive]
      Content-Length: ['13']
      Content-Type: [application/json]
      User-Agent: ['ckanapi/4.0 (+https://github.com/ckan/ckanapi)']
    method: POST
    uri: http://localhost:8080/api/action/dataset_purge
  response:
    body: {string: !!python/unicode '{"help": "http://localhost:8080/api/3/action/help_show?name=dataset_purge",
        "success": false, "error": {"message": "No encontrado: Dataset was not found",
        "__type": "Not Found Error"}}'}
    headers:
      cache-control: [no-cache]
      connection: [Keep-Alive]
      content-length: ['184']
      content-type: [application/json;charset=utf-8]
      date: ['Fri, 23 Feb 2018 15:37:28 GMT']
      keep-alive: ['timeout=5, max=97']
      pragma: [no-cache]
      server: [Apache/2.4.7 (Ubuntu)]
    status: {code: 404, message: Not Found}
- request:
    body: !!python/unicode '{"id": "3.2"}'
    headers:
      Accept: ['*/*']
      Accept-Encoding: ['gzip, deflate']
      Connection: [keep-alive]
      Content-Length: ['13']
      Content-Type: [application/json]
      User-Agent: ['ckanapi/4.0 (+https://github.com/ckan/ckanapi)']
    method: POST
    uri: http://localhost:8080/api/action/dataset_purge
  response:
    body: {string: !!python/unicode '{"help": "http://localhost:8080/api/3/action/help_show?name=dataset_purge",
        "success": true, "result": null}'}
    headers:
      cache-control: [no-cache]
      connection: [Keep-Alive]
      content-length: ['108']
      content-type: [application/json;charset=utf-8]
      date: ['Fri, 23 Feb 2018 15:37:28 GMT']
      keep-alive: ['timeout=5, max=96']
      pragma: [no-cache]
      server: [Apache/2.4.7 (Ubuntu)]
    status: {code: 200, message: OK}
- request:
    body: !!python/unicode '{"id": "3.3"}'
    headers:
      Accept: ['*/*']
      Accept-Encoding: ['gzip, deflate']
      Connection: [keep-alive]
      Content-Length: ['13']
      Content-Type: [application/json]
      User-Agent: ['ckanapi/4.0 (+https://github.com/ckan/ckanapi)']
    method: POST
    uri: http://localhost:8080/api/action/dataset_purge
  response:
    body: {string: !!python/unicode '{"help": "http://localhost:8080/api/3/action/help_show?name=dataset_purge",
        "success": false, "error": {"message": "No encontrado: Dataset was not found",
        "__type": "Not Found Error"}}'}
    headers:
      cache-control: [no-cache]
      connection: [Keep-Alive]
      content-length: ['184']
      content-type: [application/json;charset=utf-8]
      date: ['Fri, 23 Feb 2018 15:37:29 GMT']
      keep-alive: ['timeout=5, max=95']
      pragma: [no-cache]
      server: [Apache/2.4.7 (Ubuntu)]
    status: {code: 404, message: Not Found}
- request:
    body: !!python/unicode '{"id": "1.1"}'
    headers:
      Accept: ['*/*']
      Accept-Encoding: ['gzip, deflate']
      Connection: [keep-alive]
      Content-Length: ['13']
      Content-Type: [application/json]
      User-Agent: ['ckanapi/4.0 (+https://github.com/ckan/ckanapi)']
    method: POST
    uri: http://localhost:8080/api/action/dataset_purge
  response:
    body: {string: !!python/unicode '{"help": "http://localhost:8080/api/3/action/help_show?name=dataset_purge",
        "success": false, "error": {"message": "No encontrado: Dataset was not found",
        "__type": "Not Found Error"}}'}
    headers:
      cache-control: [no-cache]
      connection: [Keep-Alive]
      content-length: ['184']
      content-type: [application/json;charset=utf-8]
      date: ['Fri, 23 Feb 2018 15:37:33 GMT']
      keep-alive: ['timeout=5, max=100']
      pragma: [no-cache]
      server: [Apache/2.4.7 (Ubuntu)]
    status: {code: 404, message: Not Found}
- request:
    body: !!python/unicode '{"id": "2.1"}'
    headers:
      Accept: ['*/*']
      Accept-Encoding: ['gzip, deflate']
      Connection: [keep-alive]
      Content-Length: ['13']
      Content-Type: [application/json]
      User-Agent: ['ckanapi/4.0 (+https://github.com/ckan/ckanapi)']
    method: POST
    uri: http://localhost:8080/api/action/dataset_purge
  response:
    body: {string: !!python/unicode '{"help": "http://localhost:8080/api/3/action/help_show?name=dataset_purge",
        "success": true, "result": null}'}
    headers:
      cache-control: [no-cache]
      connection: [Keep-Alive]
      content-length: ['108']
      content-type: [application/json;charset=utf-8]
      date: ['Fri, 23 Feb 2018 15:37:33 GMT']
      keep-alive: ['timeout=5, max=99']
      pragma: [no-cache]
      server: [Apache/2.4.7 (Ubuntu)]
    status: {code: 200, message: OK}
- request:
    body: !!python/unicode '{"id": "2.2"}'
    headers:
      Accept: ['*/*']
      Accept-Encoding: ['gzip, deflate']
      Connection: [keep-alive]
      Content-Length: ['13']
      Content-Type: [application/json]
      User-Agent: ['ckanapi/4.0 (+https://github.com/ckan/ckanapi)']
    method: POST
    uri: http://localhost:8080/api/action/dataset_purge
  response:
    body: {string: !!python/unicode '{"help": "http://localhost:8080/api/3/action/help_show?name=dataset_purge",
        "success": true, "result": null}'}
    headers:
      cache-control: [no-cache]
      connection: [Keep-Alive]
      content-length: ['108']
      content-type: [application/json;charset=utf-8]
      date: ['Fri, 23 Feb 2018 15:37:34 GMT']
      keep-alive: ['timeout=5, max=98']
      pragma: [no-cache]
      server: [Apache/2.4.7 (Ubuntu)]
    status: {code: 200, message: OK}
- request:
    body: !!python/unicode '{"id": "3.1"}'
    headers:
      Accept: ['*/*']
      Accept-Encoding: ['gzip, deflate']
      Connection: [keep-alive]
      Content-Length: ['13']
      Content-Type: [application/json]
      User-Agent: ['ckanapi/4.0 (+https://github.com/ckan/ckanapi)']
    method: POST
    uri: http://localhost:8080/api/action/dataset_purge
  response:
    body: {string: !!python/unicode '{"help": "http://localhost:8080/api/3/action/help_show?name=dataset_purge",
        "success": true, "result": null}'}
    headers:
      cache-control: [no-cache]
      connection: [Keep-Alive]
      content-length: ['108']
      content-type: [application/json;charset=utf-8]
      date: ['Fri, 23 Feb 2018 15:37:34 GMT']
      keep-alive: ['timeout=5, max=97']
      pragma: [no-cache]
      server: [Apache/2.4.7 (Ubuntu)]
    status: {code: 200, message: OK}
- request:
    body: !!python/unicode '{"id": "3.2"}'
    headers:
      Accept: ['*/*']
      Accept-Encoding: ['gzip, deflate']
      Connection: [keep-alive]
      Content-Length: ['13']
      Content-Type: [application/json]
      User-Agent: ['ckanapi/4.0 (+https://github.com/ckan/ckanapi)']
    method: POST
    uri: http://localhost:8080/api/action/dataset_purge
  response:
    body: {string: !!python/unicode '{"help": "http://localhost:8080/api/3/action/help_show?name=dataset_purge",
        "success": true, "result": null}'}
    headers:
      cache-control: [no-cache]
      connection: [Keep-Alive]
      content-length: ['108']
      content-type: [application/json;charset=utf-8]
      date: ['Fri, 23 Feb 2018 15:37:34 GMT']
      keep-alive: ['timeout=5, max=96']
      pragma: [no-cache]
      server: [Apache/2.4.7 (Ubuntu)]
    status: {code: 200, message: OK}
- request:
    body: !!python/unicode '{"id": "3.3"}'
    headers:
      Accept: ['*/*']
      Accept-Encoding: ['gzip, deflate']
      Connection: [keep-alive]
      Content-Length: ['13']
      Content-Type: [application/json]
      User-Agent: ['ckanapi/4.0 (+https://github.com/ckan/ckanapi)']
    method: POST
    uri: http://localhost:8080/api/action/dataset_purge
  response:
    body: {string: !!python/unicode '{"help": "http://localhost:8080/api/3/action/help_show?name=dataset_purge",
        "success": true, "result": null}'}
    headers:
      cache-control: [no-cache]
      connection: [Keep-Alive]
      content-length: ['108']
      content-type: [application/json;charset=utf-8]
      date: ['Fri, 23 Feb 2018 15:37:34 GMT']
      keep-alive: ['timeout=5, max=95']
      pragma: [no-cache]
      server: [Apache/2.4.7 (Ubuntu)]
    status: {code: 200, message: OK}
- request:
    body: !!python/unicode '{"id": "1.1"}'
    headers:
      Accept: ['*/*']
      Accept-Encoding: ['gzip, deflate']
      Connection: [keep-alive]
      Content-Length: ['13']
      Content-Type: [application/json]
      User-Agent: ['ckanapi/4.0 (+https://github.com/ckan/ckanapi)']
    method: POST
    uri: http://localhost:8080/api/action/dataset_purge
  response:
    body: {string: !!python/unicode '{"help": "http://localhost:8080/api/3/action/help_show?name=dataset_purge",
        "success": true, "result": null}'}
    headers:
      cache-control: [no-cache]
      connection: [Keep-Alive]
      content-length: ['108']
      content-type: [application/json;charset=utf-8]
      date: ['Fri, 23 Feb 2018 15:37:39 GMT']
      keep-alive: ['timeout=5, max=100']
      pragma: [no-cache]
      server: [Apache/2.4.7 (Ubuntu)]
    status: {code: 200, message: OK}
- request:
    body: !!python/unicode '{"id": "2.1"}'
    headers:
      Accept: ['*/*']
      Accept-Encoding: ['gzip, deflate']
      Connection: [keep-alive]
      Content-Length: ['13']
      Content-Type: [application/json]
      User-Agent: ['ckanapi/4.0 (+https://github.com/ckan/ckanapi)']
    method: POST
    uri: http://localhost:8080/api/action/dataset_purge
  response:
    body: {string: !!python/unicode '{"help": "http://localhost:8080/api/3/action/help_show?name=dataset_purge",
        "success": false, "error": {"message": "No encontrado: Dataset was not found",
        "__type": "Not Found Error"}}'}
    headers:
      cache-control: [no-cache]
      connection: [Keep-Alive]
      content-length: ['184']
      content-type: [application/json;charset=utf-8]
      date: ['Fri, 23 Feb 2018 15:37:39 GMT']
      keep-alive: ['timeout=5, max=99']
      pragma: [no-cache]
      server: [Apache/2.4.7 (Ubuntu)]
    status: {code: 404, message: Not Found}
- request:
    body: !!python/unicode '{"id": "2.2"}'
    headers:
      Accept: ['*/*']
      Accept-Encoding: ['gzip, deflate']
      Connection: [keep-alive]
      Content-Length: ['13']
      Content-Type: [application/json]
      User-Agent: ['ckanapi/4.0 (+https://github.com/ckan/ckanapi)']
    method: POST
    uri: http://localhost:8080/api/action/dataset_purge
  response:
    body: {string: !!python/unicode '{"help": "http://localhost:8080/api/3/action/help_show?name=dataset_purge",
        "success": false, "error": {"message": "No encontrado: Dataset was not found",
        "__type": "Not Found Error"}}'}
    headers:
      cache-control: [no-cache]
      connection: [Keep-Alive]
      content-length: ['184']
      content-type: [application/json;charset=utf-8]
      date: ['Fri, 23 Feb 2018 15:37:39 GMT']
      keep-alive: ['timeout=5, max=98']
      pragma: [no-cache]
      server: [Apache/2.4.7 (Ubuntu)]
    status: {code: 404, message: Not Found}
- request:
    body: !!python/unicode '{"id": "3.1"}'
    headers:
      Accept: ['*/*']
      Accept-Encoding: ['gzip, deflate']
      Connection: [keep-alive]
      Content-Length: ['13']
      Content-Type: [application/json]
      User-Agent: ['ckanapi/4.0 (+https://github.com/ckan/ckanapi)']
    method: POST
    uri: http://localhost:8080/api/action/dataset_purge
  response:
    body: {string: !!python/unicode '{"help": "http://localhost:8080/api/3/action/help_show?name=dataset_purge",
        "success": true, "result": null}'}
    headers:
      cache-control: [no-cache]
      connection: [Keep-Alive]
      content-length: ['108']
      content-type: [application/json;charset=utf-8]
      date: ['Fri, 23 Feb 2018 15:37:39 GMT']
      keep-alive: ['timeout=5, max=97']
      pragma: [no-cache]
      server: [Apache/2.4.7 (Ubuntu)]
    status: {code: 200, message: OK}
- request:
    body: !!python/unicode '{"id": "3.2"}'
    headers:
      Accept: ['*/*']
      Accept-Encoding: ['gzip, deflate']
      Connection: [keep-alive]
      Content-Length: ['13']
      Content-Type: [application/json]
      User-Agent: ['ckanapi/4.0 (+https://github.com/ckan/ckanapi)']
    method: POST
    uri: http://localhost:8080/api/action/dataset_purge
  response:
    body: {string: !!python/unicode '{"help": "http://localhost:8080/api/3/action/help_show?name=dataset_purge",
        "success": true, "result": null}'}
    headers:
      cache-control: [no-cache]
      connection: [Keep-Alive]
      content-length: ['108']
      content-type: [application/json;charset=utf-8]
      date: ['Fri, 23 Feb 2018 15:37:39 GMT']
      keep-alive: ['timeout=5, max=96']
      pragma: [no-cache]
      server: [Apache/2.4.7 (Ubuntu)]
    status: {code: 200, message: OK}
- request:
    body: !!python/unicode '{"id": "3.3"}'
    headers:
      Accept: ['*/*']
      Accept-Encoding: ['gzip, deflate']
      Connection: [keep-alive]
      Content-Length: ['13']
      Content-Type: [application/json]
      User-Agent: ['ckanapi/4.0 (+https://github.com/ckan/ckanapi)']
    method: POST
    uri: http://localhost:8080/api/action/dataset_purge
  response:
    body: {string: !!python/unicode '{"help": "http://localhost:8080/api/3/action/help_show?name=dataset_purge",
        "success": true, "result": null}'}
    headers:
      cache-control: [no-cache]
      connection: [Keep-Alive]
      content-length: ['108']
      content-type: [application/json;charset=utf-8]
      date: ['Fri, 23 Feb 2018 15:37:39 GMT']
      keep-alive: ['timeout=5, max=95']
      pragma: [no-cache]
      server: [Apache/2.4.7 (Ubuntu)]
    status: {code: 200, message: OK}
- request:
    body: !!python/unicode '{"id": "1.1"}'
    headers:
      Accept: ['*/*']
      Accept-Encoding: ['gzip, deflate']
      Connection: [keep-alive]
      Content-Length: ['13']
      Content-Type: [application/json]
      User-Agent: ['ckanapi/4.0 (+https://github.com/ckan/ckanapi)']
    method: POST
    uri: http://localhost:8080/api/action/dataset_purge
  response:
    body: {string: !!python/unicode '{"help": "http://localhost:8080/api/3/action/help_show?name=dataset_purge",
        "success": true, "result": null}'}
    headers:
      cache-control: [no-cache]
      connection: [Keep-Alive]
      content-length: ['108']
      content-type: [application/json;charset=utf-8]
      date: ['Fri, 23 Feb 2018 15:37:44 GMT']
      keep-alive: ['timeout=5, max=100']
      pragma: [no-cache]
      server: [Apache/2.4.7 (Ubuntu)]
    status: {code: 200, message: OK}
- request:
    body: !!python/unicode '{"id": "2.1"}'
    headers:
      Accept: ['*/*']
      Accept-Encoding: ['gzip, deflate']
      Connection: [keep-alive]
      Content-Length: ['13']
      Content-Type: [application/json]
      User-Agent: ['ckanapi/4.0 (+https://github.com/ckan/ckanapi)']
    method: POST
    uri: http://localhost:8080/api/action/dataset_purge
  response:
    body: {string: !!python/unicode '{"help": "http://localhost:8080/api/3/action/help_show?name=dataset_purge",
        "success": true, "result": null}'}
    headers:
      cache-control: [no-cache]
      connection: [Keep-Alive]
      content-length: ['108']
      content-type: [application/json;charset=utf-8]
      date: ['Fri, 23 Feb 2018 15:37:44 GMT']
      keep-alive: ['timeout=5, max=99']
      pragma: [no-cache]
      server: [Apache/2.4.7 (Ubuntu)]
    status: {code: 200, message: OK}
- request:
    body: !!python/unicode '{"id": "2.2"}'
    headers:
      Accept: ['*/*']
      Accept-Encoding: ['gzip, deflate']
      Connection: [keep-alive]
      Content-Length: ['13']
      Content-Type: [application/json]
      User-Agent: ['ckanapi/4.0 (+https://github.com/ckan/ckanapi)']
    method: POST
    uri: http://localhost:8080/api/action/dataset_purge
  response:
    body: {string: !!python/unicode '{"help": "http://localhost:8080/api/3/action/help_show?name=dataset_purge",
        "success": true, "result": null}'}
    headers:
      cache-control: [no-cache]
      connection: [Keep-Alive]
      content-length: ['108']
      content-type: [application/json;charset=utf-8]
      date: ['Fri, 23 Feb 2018 15:37:45 GMT']
      keep-alive: ['timeout=5, max=98']
      pragma: [no-cache]
      server: [Apache/2.4.7 (Ubuntu)]
    status: {code: 200, message: OK}
- request:
    body: !!python/unicode '{"id": "3.1"}'
    headers:
      Accept: ['*/*']
      Accept-Encoding: ['gzip, deflate']
      Connection: [keep-alive]
      Content-Length: ['13']
      Content-Type: [application/json]
      User-Agent: ['ckanapi/4.0 (+https://github.com/ckan/ckanapi)']
    method: POST
    uri: http://localhost:8080/api/action/dataset_purge
  response:
    body: {string: !!python/unicode '{"help": "http://localhost:8080/api/3/action/help_show?name=dataset_purge",
        "success": true, "result": null}'}
    headers:
      cache-control: [no-cache]
      connection: [Keep-Alive]
      content-length: ['108']
      content-type: [application/json;charset=utf-8]
      date: ['Fri, 23 Feb 2018 15:37:45 GMT']
      keep-alive: ['timeout=5, max=97']
      pragma: [no-cache]
      server: [Apache/2.4.7 (Ubuntu)]
    status: {code: 200, message: OK}
- request:
    body: !!python/unicode '{"id": "3.2"}'
    headers:
      Accept: ['*/*']
      Accept-Encoding: ['gzip, deflate']
      Connection: [keep-alive]
      Content-Length: ['13']
      Content-Type: [application/json]
      User-Agent: ['ckanapi/4.0 (+https://github.com/ckan/ckanapi)']
    method: POST
    uri: http://localhost:8080/api/action/dataset_purge
  response:
    body: {string: !!python/unicode '{"help": "http://localhost:8080/api/3/action/help_show?name=dataset_purge",
        "success": false, "error": {"message": "No encontrado: Dataset was not found",
        "__type": "Not Found Error"}}'}
    headers:
      cache-control: [no-cache]
      connection: [Keep-Alive]
      content-length: ['184']
      content-type: [application/json;charset=utf-8]
      date: ['Fri, 23 Feb 2018 15:37:45 GMT']
      keep-alive: ['timeout=5, max=96']
      pragma: [no-cache]
      server: [Apache/2.4.7 (Ubuntu)]
    status: {code: 404, message: Not Found}
- request:
    body: !!python/unicode '{"id": "3.3"}'
    headers:
      Accept: ['*/*']
      Accept-Encoding: ['gzip, deflate']
      Connection: [keep-alive]
      Content-Length: ['13']
      Content-Type: [application/json]
      User-Agent: ['ckanapi/4.0 (+https://github.com/ckan/ckanapi)']
    method: POST
    uri: http://localhost:8080/api/action/dataset_purge
  response:
    body: {string: !!python/unicode '{"help": "http://localhost:8080/api/3/action/help_show?name=dataset_purge",
        "success": true, "result": null}'}
    headers:
      cache-control: [no-cache]
      connection: [Keep-Alive]
      content-length: ['108']
      content-type: [application/json;charset=utf-8]
      date: ['Fri, 23 Feb 2018 15:37:45 GMT']
      keep-alive: ['timeout=5, max=95']
      pragma: [no-cache]
      server: [Apache/2.4.7 (Ubuntu)]
    status: {code: 200, message: OK}
- request:
    body: !!python/unicode '{"id": "1.1"}'
    headers:
      Accept: ['*/*']
      Accept-Encoding: ['gzip, deflate']
      Connection: [keep-alive]
      Content-Length: ['13']
      Content-Type: [application/json]
      User-Agent: ['ckanapi/4.0 (+https://github.com/ckan/ckanapi)']
    method: POST
    uri: http://localhost:8080/api/action/dataset_purge
  response:
    body: {string: !!python/unicode '{"help": "http://localhost:8080/api/3/action/help_show?name=dataset_purge",
        "success": true, "result": null}'}
    headers:
      cache-control: [no-cache]
      connection: [Keep-Alive]
      content-length: ['108']
      content-type: [application/json;charset=utf-8]
      date: ['Fri, 23 Feb 2018 15:37:51 GMT']
      keep-alive: ['timeout=5, max=100']
      pragma: [no-cache]
      server: [Apache/2.4.7 (Ubuntu)]
    status: {code: 200, message: OK}
- request:
    body: !!python/unicode '{"id": "2.1"}'
    headers:
      Accept: ['*/*']
      Accept-Encoding: ['gzip, deflate']
      Connection: [keep-alive]
      Content-Length: ['13']
      Content-Type: [application/json]
      User-Agent: ['ckanapi/4.0 (+https://github.com/ckan/ckanapi)']
    method: POST
    uri: http://localhost:8080/api/action/dataset_purge
  response:
    body: {string: !!python/unicode '{"help": "http://localhost:8080/api/3/action/help_show?name=dataset_purge",
        "success": true, "result": null}'}
    headers:
      cache-control: [no-cache]
      connection: [Keep-Alive]
      content-length: ['108']
      content-type: [application/json;charset=utf-8]
      date: ['Fri, 23 Feb 2018 15:37:51 GMT']
      keep-alive: ['timeout=5, max=99']
      pragma: [no-cache]
      server: [Apache/2.4.7 (Ubuntu)]
    status: {code: 200, message: OK}
- request:
    body: !!python/unicode '{"id": "2.2"}'
    headers:
      Accept: ['*/*']
      Accept-Encoding: ['gzip, deflate']
      Connection: [keep-alive]
      Content-Length: ['13']
      Content-Type: [application/json]
      User-Agent: ['ckanapi/4.0 (+https://github.com/ckan/ckanapi)']
    method: POST
    uri: http://localhost:8080/api/action/dataset_purge
  response:
    body: {string: !!python/unicode '{"help": "http://localhost:8080/api/3/action/help_show?name=dataset_purge",
        "success": true, "result": null}'}
    headers:
      cache-control: [no-cache]
      connection: [Keep-Alive]
      content-length: ['108']
      content-type: [application/json;charset=utf-8]
      date: ['Fri, 23 Feb 2018 15:37:51 GMT']
      keep-alive: ['timeout=5, max=98']
      pragma: [no-cache]
      server: [Apache/2.4.7 (Ubuntu)]
    status: {code: 200, message: OK}
- request:
    body: !!python/unicode '{"id": "3.1"}'
    headers:
      Accept: ['*/*']
      Accept-Encoding: ['gzip, deflate']
      Connection: [keep-alive]
      Content-Length: ['13']
      Content-Type: [application/json]
      User-Agent: ['ckanapi/4.0 (+https://github.com/ckan/ckanapi)']
    method: POST
    uri: http://localhost:8080/api/action/dataset_purge
  response:
    body: {string: !!python/unicode '{"help": "http://localhost:8080/api/3/action/help_show?name=dataset_purge",
        "success": true, "result": null}'}
    headers:
      cache-control: [no-cache]
      connection: [Keep-Alive]
      content-length: ['108']
      content-type: [application/json;charset=utf-8]
      date: ['Fri, 23 Feb 2018 15:37:51 GMT']
      keep-alive: ['timeout=5, max=97']
      pragma: [no-cache]
      server: [Apache/2.4.7 (Ubuntu)]
    status: {code: 200, message: OK}
- request:
    body: !!python/unicode '{"id": "3.2"}'
    headers:
      Accept: ['*/*']
      Accept-Encoding: ['gzip, deflate']
      Connection: [keep-alive]
      Content-Length: ['13']
      Content-Type: [application/json]
      User-Agent: ['ckanapi/4.0 (+https://github.com/ckan/ckanapi)']
    method: POST
    uri: http://localhost:8080/api/action/dataset_purge
  response:
    body: {string: !!python/unicode '{"help": "http://localhost:8080/api/3/action/help_show?name=dataset_purge",
        "success": true, "result": null}'}
    headers:
      cache-control: [no-cache]
      connection: [Keep-Alive]
      content-length: ['108']
      content-type: [application/json;charset=utf-8]
      date: ['Fri, 23 Feb 2018 15:37:51 GMT']
      keep-alive: ['timeout=5, max=96']
      pragma: [no-cache]
      server: [Apache/2.4.7 (Ubuntu)]
    status: {code: 200, message: OK}
- request:
    body: !!python/unicode '{"id": "3.3"}'
    headers:
      Accept: ['*/*']
      Accept-Encoding: ['gzip, deflate']
      Connection: [keep-alive]
      Content-Length: ['13']
      Content-Type: [application/json]
      User-Agent: ['ckanapi/4.0 (+https://github.com/ckan/ckanapi)']
    method: POST
    uri: http://localhost:8080/api/action/dataset_purge
  response:
    body: {string: !!python/unicode '{"help": "http://localhost:8080/api/3/action/help_show?name=dataset_purge",
        "success": false, "error": {"message": "No encontrado: Dataset was not found",
        "__type": "Not Found Error"}}'}
    headers:
      cache-control: [no-cache]
      connection: [Keep-Alive]
      content-length: ['184']
      content-type: [application/json;charset=utf-8]
      date: ['Fri, 23 Feb 2018 15:37:51 GMT']
      keep-alive: ['timeout=5, max=95']
      pragma: [no-cache]
      server: [Apache/2.4.7 (Ubuntu)]
    status: {code: 404, message: Not Found}
- request:
    body: !!python/unicode '{"id": "1.1"}'
    headers:
      Accept: ['*/*']
      Accept-Encoding: ['gzip, deflate']
      Connection: [keep-alive]
      Content-Length: ['13']
      Content-Type: [application/json]
      User-Agent: ['ckanapi/4.0 (+https://github.com/ckan/ckanapi)']
    method: POST
    uri: http://localhost:8080/api/action/dataset_purge
  response:
    body: {string: !!python/unicode '{"help": "http://localhost:8080/api/3/action/help_show?name=dataset_purge",
        "success": true, "result": null}'}
    headers:
      cache-control: [no-cache]
      connection: [Keep-Alive]
      content-length: ['108']
      content-type: [application/json;charset=utf-8]
      date: ['Fri, 23 Feb 2018 15:37:56 GMT']
      keep-alive: ['timeout=5, max=100']
      pragma: [no-cache]
      server: [Apache/2.4.7 (Ubuntu)]
    status: {code: 200, message: OK}
- request:
    body: !!python/unicode '{"id": "2.1"}'
    headers:
      Accept: ['*/*']
      Accept-Encoding: ['gzip, deflate']
      Connection: [keep-alive]
      Content-Length: ['13']
      Content-Type: [application/json]
      User-Agent: ['ckanapi/4.0 (+https://github.com/ckan/ckanapi)']
    method: POST
    uri: http://localhost:8080/api/action/dataset_purge
  response:
    body: {string: !!python/unicode '{"help": "http://localhost:8080/api/3/action/help_show?name=dataset_purge",
        "success": true, "result": null}'}
    headers:
      cache-control: [no-cache]
      connection: [Keep-Alive]
      content-length: ['108']
      content-type: [application/json;charset=utf-8]
      date: ['Fri, 23 Feb 2018 15:37:56 GMT']
      keep-alive: ['timeout=5, max=99']
      pragma: [no-cache]
      server: [Apache/2.4.7 (Ubuntu)]
    status: {code: 200, message: OK}
- request:
    body: !!python/unicode '{"id": "2.2"}'
    headers:
      Accept: ['*/*']
      Accept-Encoding: ['gzip, deflate']
      Connection: [keep-alive]
      Content-Length: ['13']
      Content-Type: [application/json]
      User-Agent: ['ckanapi/4.0 (+https://github.com/ckan/ckanapi)']
    method: POST
    uri: http://localhost:8080/api/action/dataset_purge
  response:
    body: {string: !!python/unicode '{"help": "http://localhost:8080/api/3/action/help_show?name=dataset_purge",
        "success": true, "result": null}'}
    headers:
      cache-control: [no-cache]
      connection: [Keep-Alive]
      content-length: ['108']
      content-type: [application/json;charset=utf-8]
      date: ['Fri, 23 Feb 2018 15:37:56 GMT']
      keep-alive: ['timeout=5, max=98']
      pragma: [no-cache]
      server: [Apache/2.4.7 (Ubuntu)]
    status: {code: 200, message: OK}
- request:
    body: !!python/unicode '{"id": "3.1"}'
    headers:
      Accept: ['*/*']
      Accept-Encoding: ['gzip, deflate']
      Connection: [keep-alive]
      Content-Length: ['13']
      Content-Type: [application/json]
      User-Agent: ['ckanapi/4.0 (+https://github.com/ckan/ckanapi)']
    method: POST
    uri: http://localhost:8080/api/action/dataset_purge
  response:
    body: {string: !!python/unicode '{"help": "http://localhost:8080/api/3/action/help_show?name=dataset_purge",
        "success": true, "result": null}'}
    headers:
      cache-control: [no-cache]
      connection: [Keep-Alive]
      content-length: ['108']
      content-type: [application/json;charset=utf-8]
      date: ['Fri, 23 Feb 2018 15:37:56 GMT']
      keep-alive: ['timeout=5, max=97']
      pragma: [no-cache]
      server: [Apache/2.4.7 (Ubuntu)]
    status: {code: 200, message: OK}
- request:
    body: !!python/unicode '{"id": "3.2"}'
    headers:
      Accept: ['*/*']
      Accept-Encoding: ['gzip, deflate']
      Connection: [keep-alive]
      Content-Length: ['13']
      Content-Type: [application/json]
      User-Agent: ['ckanapi/4.0 (+https://github.com/ckan/ckanapi)']
    method: POST
    uri: http://localhost:8080/api/action/dataset_purge
  response:
    body: {string: !!python/unicode '{"help": "http://localhost:8080/api/3/action/help_show?name=dataset_purge",
        "success": true, "result": null}'}
    headers:
      cache-control: [no-cache]
      connection: [Keep-Alive]
      content-length: ['108']
      content-type: [application/json;charset=utf-8]
      date: ['Fri, 23 Feb 2018 15:37:57 GMT']
      keep-alive: ['timeout=5, max=96']
      pragma: [no-cache]
      server: [Apache/2.4.7 (Ubuntu)]
    status: {code: 200, message: OK}
- request:
    body: !!python/unicode '{"id": "3.3"}'
    headers:
      Accept: ['*/*']
      Accept-Encoding: ['gzip, deflate']
      Connection: [keep-alive]
      Content-Length: ['13']
      Content-Type: [application/json]
      User-Agent: ['ckanapi/4.0 (+https://github.com/ckan/ckanapi)']
    method: POST
    uri: http://localhost:8080/api/action/dataset_purge
  response:
    body: {string: !!python/unicode '{"help": "http://localhost:8080/api/3/action/help_show?name=dataset_purge",
        "success": true, "result": null}'}
    headers:
      cache-control: [no-cache]
      connection: [Keep-Alive]
      content-length: ['108']
      content-type: [application/json;charset=utf-8]
      date: ['Fri, 23 Feb 2018 15:37:57 GMT']
      keep-alive: ['timeout=5, max=95']
      pragma: [no-cache]
      server: [Apache/2.4.7 (Ubuntu)]
    status: {code: 200, message: OK}
version: 1
