interactions:
- request:
    body: !!python/unicode '{}'
    headers:
      Accept: ['*/*']
      Accept-Encoding: ['gzip, deflate']
      Authorization: [153a648e-eed1-47a6-b53e-d3e30dc030b3]
      Connection: [keep-alive]
      Content-Length: ['2']
      Content-Type: [application/json]
      User-Agent: ['ckanapi/4.0 (+https://github.com/ckan/ckanapi)']
      X-CKAN-API-Key: [153a648e-eed1-47a6-b53e-d3e30dc030b3]
    method: POST
    uri: http://localhost:8080/api/action/group_list
  response:
    body: {string: !!python/unicode '{"help": "http://localhost:8080/api/3/action/help_show?name=group_list",
        "success": true, "result": []}'}
    headers:
      cache-control: [no-cache]
      connection: [Keep-Alive]
      content-length: ['103']
      content-type: [application/json;charset=utf-8]
      date: ['Fri, 02 Feb 2018 17:49:13 GMT']
      keep-alive: ['timeout=5, max=100']
      pragma: [no-cache]
      server: [Apache/2.4.7 (Ubuntu)]
    status: {code: 200, message: OK}
- request:
    body: !!python/unicode '{"name": "econ"}'
    headers:
      Accept: ['*/*']
      Accept-Encoding: ['gzip, deflate']
      Authorization: [153a648e-eed1-47a6-b53e-d3e30dc030b3]
      Connection: [keep-alive]
      Content-Length: ['16']
      Content-Type: [application/json]
      User-Agent: ['ckanapi/4.0 (+https://github.com/ckan/ckanapi)']
      X-CKAN-API-Key: [153a648e-eed1-47a6-b53e-d3e30dc030b3]
    method: POST
    uri: http://localhost:8080/api/action/group_create
  response:
    body: {string: !!python/unicode '{"help": "http://localhost:8080/api/3/action/help_show?name=group_create",
        "success": true, "result": {"users": [{"email_hash": "d41d8cd98f00b204e9800998ecf8427e",
        "about": null, "capacity": "admin", "name": "lromero", "created": "2018-01-25T12:45:30.731693",
        "openid": null, "sysadmin": true, "activity_streams_email_notifications":
        false, "state": "active", "number_of_edits": 804, "display_name": "lromero",
        "fullname": null, "id": "82ad2aab-9fc3-4c97-a4e7-f695a302bac8", "number_created_packages":
        0}], "display_name": "econ", "description": "", "image_display_url": "", "package_count":
        0, "created": "2018-02-02T17:49:13.527793", "name": "econ", "is_organization":
        false, "state": "active", "extras": [], "image_url": "", "groups": [], "type":
        "group", "title": "", "revision_id": "a4f60b9e-3a1a-40e7-8840-47af75fb2caa",
        "num_followers": 0, "id": "a33bbec9-068f-4bd1-84d2-3f546d934e65", "tags":
        [], "approval_status": "approved"}}'}
    headers:
      cache-control: [no-cache]
      connection: [Keep-Alive]
      content-length: ['936']
      content-type: [application/json;charset=utf-8]
      date: ['Fri, 02 Feb 2018 17:49:13 GMT']
      keep-alive: ['timeout=5, max=99']
      pragma: [no-cache]
      server: [Apache/2.4.7 (Ubuntu)]
    status: {code: 200, message: OK}
- request:
    body: !!python/unicode '{}'
    headers:
      Accept: ['*/*']
      Accept-Encoding: ['gzip, deflate']
      Authorization: [153a648e-eed1-47a6-b53e-d3e30dc030b3]
      Connection: [keep-alive]
      Content-Length: ['2']
      Content-Type: [application/json]
      User-Agent: ['ckanapi/4.0 (+https://github.com/ckan/ckanapi)']
      X-CKAN-API-Key: [153a648e-eed1-47a6-b53e-d3e30dc030b3]
    method: POST
    uri: http://localhost:8080/api/action/license_list
  response:
    body: {string: !!python/unicode '{"help": "http://localhost:8080/api/3/action/help_show?name=license_list",
        "success": true, "result": [{"status": "active", "maintainer": "", "od_conformance":
        "not reviewed", "family": "", "osd_conformance": "not reviewed", "domain_data":
        "False", "title": "No se especific\u00f3 la licencia", "url": "", "is_generic":
        "True", "is_okd_compliant": false, "is_osi_compliant": false, "domain_content":
        "False", "domain_software": "False", "id": "notspecified"}, {"status": "active",
        "maintainer": "", "od_conformance": "approved", "family": "", "osd_conformance":
        "not reviewed", "domain_data": "True", "title": "Open Data Commons Public
        Domain Dedication and Licence (PDDL)", "url": "http://www.opendefinition.org/licenses/odc-pddl",
        "is_generic": "False", "is_okd_compliant": true, "is_osi_compliant": false,
        "domain_content": "False", "domain_software": "False", "id": "odc-pddl"},
        {"status": "active", "maintainer": "", "od_conformance": "approved", "family":
        "", "osd_conformance": "not reviewed", "domain_data": "True", "title": "Open
        Data Commons Open Database License (ODbL)", "url": "http://www.opendefinition.org/licenses/odc-odbl",
        "is_generic": "False", "is_okd_compliant": true, "is_osi_compliant": false,
        "domain_content": "False", "domain_software": "False", "id": "odc-odbl"},
        {"status": "active", "maintainer": "", "od_conformance": "approved", "family":
        "", "osd_conformance": "not reviewed", "domain_data": "True", "title": "Open
        Data Commons Attribution License", "url": "http://www.opendefinition.org/licenses/odc-by",
        "is_generic": "False", "is_okd_compliant": true, "is_osi_compliant": false,
        "domain_content": "False", "domain_software": "False", "id": "odc-by"}, {"status":
        "active", "maintainer": "", "od_conformance": "approved", "family": "", "osd_conformance":
        "not reviewed", "domain_data": "True", "title": "Creative Commons CCZero",
        "url": "http://www.opendefinition.org/licenses/cc-zero", "is_generic": "False",
        "is_okd_compliant": true, "is_osi_compliant": false, "domain_content": "True",
        "domain_software": "False", "id": "cc-zero"}, {"status": "active", "maintainer":
        "", "od_conformance": "approved", "family": "", "osd_conformance": "not reviewed",
        "domain_data": "False", "title": "Creative Commons Attribution", "url": "http://www.opendefinition.org/licenses/cc-by",
        "is_generic": "False", "is_okd_compliant": true, "is_osi_compliant": false,
        "domain_content": "False", "domain_software": "False", "id": "cc-by"}, {"status":
        "active", "maintainer": "", "od_conformance": "approved", "family": "", "osd_conformance":
        "not reviewed", "domain_data": "False", "title": "Creative Commons Attribution
        Share-Alike", "url": "http://www.opendefinition.org/licenses/cc-by-sa", "is_generic":
        "False", "is_okd_compliant": true, "is_osi_compliant": false, "domain_content":
        "True", "domain_software": "False", "id": "cc-by-sa"}, {"status": "active",
        "maintainer": "", "od_conformance": "approved", "family": "", "osd_conformance":
        "not reviewed", "domain_data": "False", "title": "GNU Free Documentation License",
        "url": "http://www.opendefinition.org/licenses/gfdl", "is_generic": "False",
        "is_okd_compliant": true, "is_osi_compliant": false, "domain_content": "True",
        "domain_software": "False", "id": "gfdl"}, {"status": "active", "maintainer":
        "", "od_conformance": "approved", "family": "", "osd_conformance": "not reviewed",
        "domain_data": "False", "title": "Otra (Abierta)", "url": "", "is_generic":
        "True", "is_okd_compliant": true, "is_osi_compliant": false, "domain_content":
        "True", "domain_software": "False", "id": "other-open"}, {"status": "active",
        "maintainer": "", "od_conformance": "approved", "family": "", "osd_conformance":
        "not reviewed", "domain_data": "False", "title": "Otra (Public Domain)", "url":
        "", "is_generic": "True", "is_okd_compliant": true, "is_osi_compliant": false,
        "domain_content": "True", "domain_software": "False", "id": "other-pd"}, {"status":
        "active", "maintainer": "", "od_conformance": "approved", "family": "", "osd_conformance":
        "not reviewed", "domain_data": "False", "title": "Otra (Atribuci\u00f3n)",
        "url": "", "is_generic": "True", "is_okd_compliant": true, "is_osi_compliant":
        false, "domain_content": "True", "domain_software": "False", "id": "other-at"},
        {"status": "active", "maintainer": "", "od_conformance": "approved", "family":
        "", "osd_conformance": "not reviewed", "domain_data": "False", "title": "UK
        Open Government Licence (OGL)", "url": "http://reference.data.gov.uk/id/open-government-licence",
        "is_generic": "False", "is_okd_compliant": true, "is_osi_compliant": false,
        "domain_content": "True", "domain_software": "False", "id": "uk-ogl"}, {"status":
        "active", "maintainer": "", "od_conformance": "not reviewed", "family": "",
        "osd_conformance": "not reviewed", "domain_data": "False", "title": "Creative
        Commons Non-Commercial (Cualquiera)", "url": "http://creativecommons.org/licenses/by-nc/2.0/",
        "is_generic": "False", "is_okd_compliant": false, "is_osi_compliant": false,
        "domain_content": "False", "domain_software": "False", "id": "cc-nc"}, {"status":
        "active", "maintainer": "", "od_conformance": "not reviewed", "family": "",
        "osd_conformance": "not reviewed", "domain_data": "False", "title": "Otra
        (No comercial)", "url": "", "is_generic": "True", "is_okd_compliant": false,
        "is_osi_compliant": false, "domain_content": "False", "domain_software": "False",
        "id": "other-nc"}, {"status": "active", "maintainer": "", "od_conformance":
        "not reviewed", "family": "", "osd_conformance": "not reviewed", "domain_data":
        "False", "title": "Otra (No abierta)", "url": "", "is_generic": "True", "is_okd_compliant":
        false, "is_osi_compliant": false, "domain_content": "False", "domain_software":
        "False", "id": "other-closed"}]}'}
    headers:
      cache-control: [no-cache]
      connection: [Keep-Alive]
      content-length: ['5727']
      content-type: [application/json;charset=utf-8]
      date: ['Fri, 02 Feb 2018 17:49:13 GMT']
      keep-alive: ['timeout=5, max=98']
      pragma: [no-cache]
      server: [Apache/2.4.7 (Ubuntu)]
    status: {code: 200, message: OK}
- request:
    body: !!python/unicode '{"owner_org": "org-test", "maintainer": "Ministerio de
      Modernizaci\u00f3n. Secretar\u00eda de Modernizaci\u00f3n Administrativa. Oficina
      Nacional de Contrataciones. Direcci\u00f3n de Compras Electr\u00f3nicas.", "name":
      "sistemadecontratacioneselectrnicas", "title": "Sistema de contrataciones electr\u00f3nicas",
      "url": "http://datos.gob.ar/dataset/sistema-de-contrataciones-electronicas-argentina-compra",
      "notes": "Datos correspondientes al Sistema de Contrataciones Electr\u00f3nicas
      (Argentina Compra)", "author": "Ministerio de Modernizaci\u00f3n. Secretar\u00eda
      de Modernizaci\u00f3n Administrativa. Oficina Nacional de Contrataciones", "private":
      false, "maintainer_email": "onc-compraselectronicas@modernizacion.gob.ar", "author_email":
      "onc@modernizacion.gob.ar", "extras": [{"value": "2016-04-14T19:48:05.433640-03:00",
      "key": "issued"}, {"value": "R/P1Y", "key": "accrualPeriodicity"}, {"value":
      "[\"econ\"]", "key": "super_theme"}, {"value": "2016-04-19T19:48:05.433640-03:00",
      "key": "modified"}, {"value": "2015-01-01/2015-12-31", "key": "temporal"}, {"value":
      "[\"spa\"]", "key": "language"}, {"value": "ARG", "key": "spatial"}], "groups":
      [{"name": "econ"}], "license_id": "notspecified", "tags": [{"name": "bienes"},
      {"name": "compras"}, {"name": "contrataciones"}, {"name": "contrataciones"},
      {"name": "compras"}, {"name": "convocatorias"}], "id": "datosargentina_99db6631-d1c9-470b-a73e-c62daa32c777",
      "resources": [{"mimetype": "text/csv", "accessURL": "http://datos.gob.ar/dataset/sistema-de-contrataciones-electronicas-argentina-compra/archivo/fa3603b3-0af7-43cc-9da9-90a512217d8a",
      "description": "Listado de las convocatorias abiertas durante el a\u00f1o 2015
      en el sistema de contrataciones electr\u00f3nicas", "format": "CSV", "url":
      "http://186.33.211.253/dataset/99db6631-d1c9-470b-a73e-c62daa32c420/resource/4b7447cb-31ff-4352-96c3-589d212e1cc9/download/convocatorias-abiertas-anio-2015.csv",
      "attributesDescription": "[{\"id\": \"proc12\", \"type\": \"integer\", \"description\":
      \"Identificador \\u00fanico del procedimiento de contrataci\\u00f3n\", \"title\":
      \"procedimiento_id\"}, {\"type\": \"integer\", \"description\": \"Identificador
      \\u00fanico del organismo que realiza la convocatoria. Organismo de m\\u00e1ximo
      nivel jer\\u00e1rquico al que pertenece la unidad operativa de contrataciones.\",
      \"title\": \"organismo_unidad_operativa_contrataciones_id\"}, {\"type\": \"integer\",
      \"description\": \"Identificador \\u00fanico de la unidad operativa de contrataciones\",
      \"title\": \"unidad_operativa_contrataciones_id\"}, {\"type\": \"string\", \"description\":
      \"Organismo que realiza la convocatoria. Organismo de m\\u00e1ximo nivel jer\\u00e1rquico
      al que pertenece la unidad operativa de contrataciones.\", \"title\": \"organismo_unidad_operativa_contrataciones_desc\"},
      {\"type\": \"string\", \"description\": \"Unidad operativa de contrataciones.\",
      \"title\": \"unidad_operativa_contrataciones_desc\"}, {\"type\": \"string\",
      \"description\": \"Tipo de procedimiento al que se adecua la contrataci\\u00f3n.\",
      \"title\": \"tipo_procedimiento_contratacion\"}, {\"type\": \"date\", \"description\":
      \"A\\u00f1o en el que se inici\\u00f3 el proceso de la convocatoria.\", \"title\":
      \"ejercicio_procedimiento_anio\"}, {\"type\": \"date\", \"description\": \"Fecha
      de publicaci\\u00f3n de la convocatoria en formato AAAA-MM-DD, ISO 8601.\",
      \"title\": \"fecha_publicacion_convocatoria\"}, {\"type\": \"string\", \"description\":
      \"Modalidad bajo la cual se realiza la convocatoria.\", \"title\": \"modalidad_convocatoria\"},
      {\"type\": \"string\", \"description\": \"Clase de la convocatoria.\", \"title\":
      \"clase_convocatoria\"}, {\"type\": \"string\", \"description\": \"Objeto/objetivo
      de la convocatoria\", \"title\": \"objeto_convocatoria\"}]", "created": "2016-04-14T22:48:05.433640",
      "last_modified": "2016-04-19T22:48:05.433640", "size": 5120, "id": "datosargentina_99db6631-d1c9-470b-a73e-c62daa32c777_1.1",
      "name": "Convocatorias abiertas durante el a\u00f1o 2015"}]}'
    headers:
      Accept: ['*/*']
      Accept-Encoding: ['gzip, deflate']
      Authorization: [153a648e-eed1-47a6-b53e-d3e30dc030b3]
      Connection: [keep-alive]
      Content-Length: ['4023']
      Content-Type: [application/json]
      User-Agent: ['ckanapi/4.0 (+https://github.com/ckan/ckanapi)']
      X-CKAN-API-Key: [153a648e-eed1-47a6-b53e-d3e30dc030b3]
    method: POST
    uri: http://localhost:8080/api/action/package_update
  response:
    body: {string: !!python/unicode '{"help": "http://localhost:8080/api/3/action/help_show?name=package_update",
        "success": false, "error": {"message": "No encontrado: No se ha encontrado
        el paquete.", "__type": "Not Found Error"}}'}
    headers:
      cache-control: [no-cache]
      connection: [Keep-Alive]
      content-length: ['195']
      content-type: [application/json;charset=utf-8]
      date: ['Fri, 02 Feb 2018 17:49:13 GMT']
      keep-alive: ['timeout=5, max=97']
      pragma: [no-cache]
      server: [Apache/2.4.7 (Ubuntu)]
    status: {code: 404, message: Not Found}
- request:
    body: !!python/unicode '{"owner_org": "org-test", "maintainer": "Ministerio de
      Modernizaci\u00f3n. Secretar\u00eda de Modernizaci\u00f3n Administrativa. Oficina
      Nacional de Contrataciones. Direcci\u00f3n de Compras Electr\u00f3nicas.", "name":
      "sistemadecontratacioneselectrnicas", "title": "Sistema de contrataciones electr\u00f3nicas",
      "url": "http://datos.gob.ar/dataset/sistema-de-contrataciones-electronicas-argentina-compra",
      "notes": "Datos correspondientes al Sistema de Contrataciones Electr\u00f3nicas
      (Argentina Compra)", "author": "Ministerio de Modernizaci\u00f3n. Secretar\u00eda
      de Modernizaci\u00f3n Administrativa. Oficina Nacional de Contrataciones", "private":
      false, "maintainer_email": "onc-compraselectronicas@modernizacion.gob.ar", "author_email":
      "onc@modernizacion.gob.ar", "extras": [{"value": "2016-04-14T19:48:05.433640-03:00",
      "key": "issued"}, {"value": "R/P1Y", "key": "accrualPeriodicity"}, {"value":
      "[\"econ\"]", "key": "super_theme"}, {"value": "2016-04-19T19:48:05.433640-03:00",
      "key": "modified"}, {"value": "2015-01-01/2015-12-31", "key": "temporal"}, {"value":
      "[\"spa\"]", "key": "language"}, {"value": "ARG", "key": "spatial"}], "groups":
      [{"name": "econ"}], "license_id": "notspecified", "tags": [{"name": "bienes"},
      {"name": "compras"}, {"name": "contrataciones"}, {"name": "contrataciones"},
      {"name": "compras"}, {"name": "convocatorias"}], "id": "datosargentina_99db6631-d1c9-470b-a73e-c62daa32c777",
      "resources": [{"mimetype": "text/csv", "accessURL": "http://datos.gob.ar/dataset/sistema-de-contrataciones-electronicas-argentina-compra/archivo/fa3603b3-0af7-43cc-9da9-90a512217d8a",
      "description": "Listado de las convocatorias abiertas durante el a\u00f1o 2015
      en el sistema de contrataciones electr\u00f3nicas", "format": "CSV", "url":
      "http://186.33.211.253/dataset/99db6631-d1c9-470b-a73e-c62daa32c420/resource/4b7447cb-31ff-4352-96c3-589d212e1cc9/download/convocatorias-abiertas-anio-2015.csv",
      "attributesDescription": "[{\"id\": \"proc12\", \"type\": \"integer\", \"description\":
      \"Identificador \\u00fanico del procedimiento de contrataci\\u00f3n\", \"title\":
      \"procedimiento_id\"}, {\"type\": \"integer\", \"description\": \"Identificador
      \\u00fanico del organismo que realiza la convocatoria. Organismo de m\\u00e1ximo
      nivel jer\\u00e1rquico al que pertenece la unidad operativa de contrataciones.\",
      \"title\": \"organismo_unidad_operativa_contrataciones_id\"}, {\"type\": \"integer\",
      \"description\": \"Identificador \\u00fanico de la unidad operativa de contrataciones\",
      \"title\": \"unidad_operativa_contrataciones_id\"}, {\"type\": \"string\", \"description\":
      \"Organismo que realiza la convocatoria. Organismo de m\\u00e1ximo nivel jer\\u00e1rquico
      al que pertenece la unidad operativa de contrataciones.\", \"title\": \"organismo_unidad_operativa_contrataciones_desc\"},
      {\"type\": \"string\", \"description\": \"Unidad operativa de contrataciones.\",
      \"title\": \"unidad_operativa_contrataciones_desc\"}, {\"type\": \"string\",
      \"description\": \"Tipo de procedimiento al que se adecua la contrataci\\u00f3n.\",
      \"title\": \"tipo_procedimiento_contratacion\"}, {\"type\": \"date\", \"description\":
      \"A\\u00f1o en el que se inici\\u00f3 el proceso de la convocatoria.\", \"title\":
      \"ejercicio_procedimiento_anio\"}, {\"type\": \"date\", \"description\": \"Fecha
      de publicaci\\u00f3n de la convocatoria en formato AAAA-MM-DD, ISO 8601.\",
      \"title\": \"fecha_publicacion_convocatoria\"}, {\"type\": \"string\", \"description\":
      \"Modalidad bajo la cual se realiza la convocatoria.\", \"title\": \"modalidad_convocatoria\"},
      {\"type\": \"string\", \"description\": \"Clase de la convocatoria.\", \"title\":
      \"clase_convocatoria\"}, {\"type\": \"string\", \"description\": \"Objeto/objetivo
      de la convocatoria\", \"title\": \"objeto_convocatoria\"}]", "created": "2016-04-14T22:48:05.433640",
      "last_modified": "2016-04-19T22:48:05.433640", "size": 5120, "id": "datosargentina_99db6631-d1c9-470b-a73e-c62daa32c777_1.1",
      "name": "Convocatorias abiertas durante el a\u00f1o 2015"}]}'
    headers:
      Accept: ['*/*']
      Accept-Encoding: ['gzip, deflate']
      Authorization: [153a648e-eed1-47a6-b53e-d3e30dc030b3]
      Connection: [keep-alive]
      Content-Length: ['4023']
      Content-Type: [application/json]
      User-Agent: ['ckanapi/4.0 (+https://github.com/ckan/ckanapi)']
      X-CKAN-API-Key: [153a648e-eed1-47a6-b53e-d3e30dc030b3]
    method: POST
    uri: http://localhost:8080/api/action/package_create
  response:
    body: {string: !!python/unicode '{"help": "http://localhost:8080/api/3/action/help_show?name=package_create",
        "success": true, "result": {"license_title": "No se especific\u00f3 la licencia",
        "maintainer": "Ministerio de Modernizaci\u00f3n. Secretar\u00eda de Modernizaci\u00f3n
        Administrativa. Oficina Nacional de Contrataciones. Direcci\u00f3n de Compras
        Electr\u00f3nicas.", "relationships_as_object": [], "private": false, "maintainer_email":
        "onc-compraselectronicas@modernizacion.gob.ar", "num_tags": 4, "id": "datosargentina_99db6631-d1c9-470b-a73e-c62daa32c777",
        "metadata_created": "2018-02-02T17:49:13.618637", "metadata_modified": "2018-02-02T17:49:13.630447",
        "author": "Ministerio de Modernizaci\u00f3n. Secretar\u00eda de Modernizaci\u00f3n
        Administrativa. Oficina Nacional de Contrataciones", "author_email": "onc@modernizacion.gob.ar",
        "state": "active", "version": null, "creator_user_id": "82ad2aab-9fc3-4c97-a4e7-f695a302bac8",
        "type": "dataset", "resources": [{"cache_last_updated": null, "attributesDescription":
        "[{\"id\": \"proc12\", \"type\": \"integer\", \"description\": \"Identificador
        \\u00fanico del procedimiento de contrataci\\u00f3n\", \"title\": \"procedimiento_id\"},
        {\"type\": \"integer\", \"description\": \"Identificador \\u00fanico del organismo
        que realiza la convocatoria. Organismo de m\\u00e1ximo nivel jer\\u00e1rquico
        al que pertenece la unidad operativa de contrataciones.\", \"title\": \"organismo_unidad_operativa_contrataciones_id\"},
        {\"type\": \"integer\", \"description\": \"Identificador \\u00fanico de la
        unidad operativa de contrataciones\", \"title\": \"unidad_operativa_contrataciones_id\"},
        {\"type\": \"string\", \"description\": \"Organismo que realiza la convocatoria.
        Organismo de m\\u00e1ximo nivel jer\\u00e1rquico al que pertenece la unidad
        operativa de contrataciones.\", \"title\": \"organismo_unidad_operativa_contrataciones_desc\"},
        {\"type\": \"string\", \"description\": \"Unidad operativa de contrataciones.\",
        \"title\": \"unidad_operativa_contrataciones_desc\"}, {\"type\": \"string\",
        \"description\": \"Tipo de procedimiento al que se adecua la contrataci\\u00f3n.\",
        \"title\": \"tipo_procedimiento_contratacion\"}, {\"type\": \"date\", \"description\":
        \"A\\u00f1o en el que se inici\\u00f3 el proceso de la convocatoria.\", \"title\":
        \"ejercicio_procedimiento_anio\"}, {\"type\": \"date\", \"description\": \"Fecha
        de publicaci\\u00f3n de la convocatoria en formato AAAA-MM-DD, ISO 8601.\",
        \"title\": \"fecha_publicacion_convocatoria\"}, {\"type\": \"string\", \"description\":
        \"Modalidad bajo la cual se realiza la convocatoria.\", \"title\": \"modalidad_convocatoria\"},
        {\"type\": \"string\", \"description\": \"Clase de la convocatoria.\", \"title\":
        \"clase_convocatoria\"}, {\"type\": \"string\", \"description\": \"Objeto/objetivo
        de la convocatoria\", \"title\": \"objeto_convocatoria\"}]", "package_id":
        "datosargentina_99db6631-d1c9-470b-a73e-c62daa32c777", "webstore_last_updated":
        null, "datastore_active": false, "id": "datosargentina_99db6631-d1c9-470b-a73e-c62daa32c777_1.1",
        "size": "5120", "state": "active", "accessURL": "http://datos.gob.ar/dataset/sistema-de-contrataciones-electronicas-argentina-compra/archivo/fa3603b3-0af7-43cc-9da9-90a512217d8a",
        "hash": "", "description": "Listado de las convocatorias abiertas durante
        el a\u00f1o 2015 en el sistema de contrataciones electr\u00f3nicas", "format":
        "CSV", "last_modified": "2016-04-19T22:48:05.433640", "url_type": null, "mimetype":
        "text/csv", "cache_url": null, "name": "Convocatorias abiertas durante el
        a\u00f1o 2015", "created": "2016-04-14T22:48:05.433640", "url": "http://186.33.211.253/dataset/99db6631-d1c9-470b-a73e-c62daa32c420/resource/4b7447cb-31ff-4352-96c3-589d212e1cc9/download/convocatorias-abiertas-anio-2015.csv",
        "webstore_url": null, "mimetype_inner": null, "position": 0, "revision_id":
        "e749b31d-82f6-460a-a030-7a5070f52f1a", "resource_type": null}], "num_resources":
        1, "tags": [{"vocabulary_id": null, "state": "active", "display_name": "bienes",
        "id": "b8311b7f-d136-4572-b5b6-ec40fb387ce0", "name": "bienes"}, {"vocabulary_id":
        null, "state": "active", "display_name": "compras", "id": "e0cf1d08-36c2-4314-8b24-7a6eb4a37cca",
        "name": "compras"}, {"vocabulary_id": null, "state": "active", "display_name":
        "contrataciones", "id": "6716c9be-4618-4c04-b567-38c6454c2cba", "name": "contrataciones"},
        {"vocabulary_id": null, "state": "active", "display_name": "convocatorias",
        "id": "b12bd1d7-db13-4204-8cda-9e95679524a1", "name": "convocatorias"}], "groups":
        [{"display_name": "econ", "description": "", "image_display_url": "", "title":
        "", "id": "a33bbec9-068f-4bd1-84d2-3f546d934e65", "name": "econ"}], "license_id":
        "notspecified", "relationships_as_subject": [], "organization": {"description":
        "", "created": "2018-01-25T12:47:08.565590", "title": "org-test", "name":
        "org-test", "is_organization": true, "state": "active", "image_url": "", "revision_id":
        "307b26b5-493b-41c6-9d64-53e653edd6b6", "type": "organization", "id": "502accbc-efc8-4403-9467-e7a1c22cffeb",
        "approval_status": "approved"}, "name": "sistemadecontratacioneselectrnicas",
        "isopen": false, "url": "http://datos.gob.ar/dataset/sistema-de-contrataciones-electronicas-argentina-compra",
        "notes": "Datos correspondientes al Sistema de Contrataciones Electr\u00f3nicas
        (Argentina Compra)", "owner_org": "502accbc-efc8-4403-9467-e7a1c22cffeb",
        "extras": [{"key": "accrualPeriodicity", "value": "R/P1Y"}, {"key": "issued",
        "value": "2016-04-14T19:48:05.433640-03:00"}, {"key": "language", "value":
        "[\"spa\"]"}, {"key": "modified", "value": "2016-04-19T19:48:05.433640-03:00"},
        {"key": "spatial", "value": "ARG"}, {"key": "super_theme", "value": "[\"econ\"]"},
        {"key": "temporal", "value": "2015-01-01/2015-12-31"}], "title": "Sistema
        de contrataciones electr\u00f3nicas", "revision_id": "e749b31d-82f6-460a-a030-7a5070f52f1a"}}'}
    headers:
      cache-control: [no-cache]
      connection: [Keep-Alive]
      content-length: ['5845']
      content-type: [application/json;charset=utf-8]
      date: ['Fri, 02 Feb 2018 17:49:13 GMT']
      keep-alive: ['timeout=5, max=96']
      pragma: [no-cache]
      server: [Apache/2.4.7 (Ubuntu)]
    status: {code: 200, message: OK}
- request:
    body: !!python/unicode '{}'
    headers:
      Accept: ['*/*']
      Accept-Encoding: ['gzip, deflate']
      Authorization: [153a648e-eed1-47a6-b53e-d3e30dc030b3]
      Connection: [keep-alive]
      Content-Length: ['2']
      Content-Type: [application/json]
      User-Agent: ['ckanapi/4.0 (+https://github.com/ckan/ckanapi)']
      X-CKAN-API-Key: [153a648e-eed1-47a6-b53e-d3e30dc030b3]
    method: POST
    uri: http://localhost:8080/api/action/group_list
  response:
    body: {string: !!python/unicode '{"help": "http://localhost:8080/api/3/action/help_show?name=group_list",
        "success": true, "result": ["econ"]}'}
    headers:
      cache-control: [no-cache]
      connection: [Keep-Alive]
      content-length: ['109']
      content-type: [application/json;charset=utf-8]
      date: ['Fri, 02 Feb 2018 17:49:14 GMT']
      keep-alive: ['timeout=5, max=100']
      pragma: [no-cache]
      server: [Apache/2.4.7 (Ubuntu)]
    status: {code: 200, message: OK}
- request:
    body: !!python/unicode '{"name": "just"}'
    headers:
      Accept: ['*/*']
      Accept-Encoding: ['gzip, deflate']
      Authorization: [153a648e-eed1-47a6-b53e-d3e30dc030b3]
      Connection: [keep-alive]
      Content-Length: ['16']
      Content-Type: [application/json]
      User-Agent: ['ckanapi/4.0 (+https://github.com/ckan/ckanapi)']
      X-CKAN-API-Key: [153a648e-eed1-47a6-b53e-d3e30dc030b3]
    method: POST
    uri: http://localhost:8080/api/action/group_create
  response:
    body: {string: !!python/unicode '{"help": "http://localhost:8080/api/3/action/help_show?name=group_create",
        "success": true, "result": {"users": [{"email_hash": "d41d8cd98f00b204e9800998ecf8427e",
        "about": null, "capacity": "admin", "name": "lromero", "created": "2018-01-25T12:45:30.731693",
        "openid": null, "sysadmin": true, "activity_streams_email_notifications":
        false, "state": "active", "number_of_edits": 807, "display_name": "lromero",
        "fullname": null, "id": "82ad2aab-9fc3-4c97-a4e7-f695a302bac8", "number_created_packages":
        1}], "display_name": "just", "description": "", "image_display_url": "", "package_count":
        0, "created": "2018-02-02T17:49:14.689091", "name": "just", "is_organization":
        false, "state": "active", "extras": [], "image_url": "", "groups": [], "type":
        "group", "title": "", "revision_id": "edee3f51-e666-4924-bf7a-6b5c204d5313",
        "num_followers": 0, "id": "c901f356-0e8c-4d2d-9d48-29f028c06462", "tags":
        [], "approval_status": "approved"}}'}
    headers:
      cache-control: [no-cache]
      connection: [Keep-Alive]
      content-length: ['936']
      content-type: [application/json;charset=utf-8]
      date: ['Fri, 02 Feb 2018 17:49:14 GMT']
      keep-alive: ['timeout=5, max=99']
      pragma: [no-cache]
      server: [Apache/2.4.7 (Ubuntu)]
    status: {code: 200, message: OK}
- request:
    body: !!python/unicode '{}'
    headers:
      Accept: ['*/*']
      Accept-Encoding: ['gzip, deflate']
      Authorization: [153a648e-eed1-47a6-b53e-d3e30dc030b3]
      Connection: [keep-alive]
      Content-Length: ['2']
      Content-Type: [application/json]
      User-Agent: ['ckanapi/4.0 (+https://github.com/ckan/ckanapi)']
      X-CKAN-API-Key: [153a648e-eed1-47a6-b53e-d3e30dc030b3]
    method: POST
    uri: http://localhost:8080/api/action/license_list
  response:
    body: {string: !!python/unicode '{"help": "http://localhost:8080/api/3/action/help_show?name=license_list",
        "success": true, "result": [{"status": "active", "maintainer": "", "od_conformance":
        "not reviewed", "family": "", "osd_conformance": "not reviewed", "domain_data":
        "False", "title": "No se especific\u00f3 la licencia", "url": "", "is_generic":
        "True", "is_okd_compliant": false, "is_osi_compliant": false, "domain_content":
        "False", "domain_software": "False", "id": "notspecified"}, {"status": "active",
        "maintainer": "", "od_conformance": "approved", "family": "", "osd_conformance":
        "not reviewed", "domain_data": "True", "title": "Open Data Commons Public
        Domain Dedication and Licence (PDDL)", "url": "http://www.opendefinition.org/licenses/odc-pddl",
        "is_generic": "False", "is_okd_compliant": true, "is_osi_compliant": false,
        "domain_content": "False", "domain_software": "False", "id": "odc-pddl"},
        {"status": "active", "maintainer": "", "od_conformance": "approved", "family":
        "", "osd_conformance": "not reviewed", "domain_data": "True", "title": "Open
        Data Commons Open Database License (ODbL)", "url": "http://www.opendefinition.org/licenses/odc-odbl",
        "is_generic": "False", "is_okd_compliant": true, "is_osi_compliant": false,
        "domain_content": "False", "domain_software": "False", "id": "odc-odbl"},
        {"status": "active", "maintainer": "", "od_conformance": "approved", "family":
        "", "osd_conformance": "not reviewed", "domain_data": "True", "title": "Open
        Data Commons Attribution License", "url": "http://www.opendefinition.org/licenses/odc-by",
        "is_generic": "False", "is_okd_compliant": true, "is_osi_compliant": false,
        "domain_content": "False", "domain_software": "False", "id": "odc-by"}, {"status":
        "active", "maintainer": "", "od_conformance": "approved", "family": "", "osd_conformance":
        "not reviewed", "domain_data": "True", "title": "Creative Commons CCZero",
        "url": "http://www.opendefinition.org/licenses/cc-zero", "is_generic": "False",
        "is_okd_compliant": true, "is_osi_compliant": false, "domain_content": "True",
        "domain_software": "False", "id": "cc-zero"}, {"status": "active", "maintainer":
        "", "od_conformance": "approved", "family": "", "osd_conformance": "not reviewed",
        "domain_data": "False", "title": "Creative Commons Attribution", "url": "http://www.opendefinition.org/licenses/cc-by",
        "is_generic": "False", "is_okd_compliant": true, "is_osi_compliant": false,
        "domain_content": "False", "domain_software": "False", "id": "cc-by"}, {"status":
        "active", "maintainer": "", "od_conformance": "approved", "family": "", "osd_conformance":
        "not reviewed", "domain_data": "False", "title": "Creative Commons Attribution
        Share-Alike", "url": "http://www.opendefinition.org/licenses/cc-by-sa", "is_generic":
        "False", "is_okd_compliant": true, "is_osi_compliant": false, "domain_content":
        "True", "domain_software": "False", "id": "cc-by-sa"}, {"status": "active",
        "maintainer": "", "od_conformance": "approved", "family": "", "osd_conformance":
        "not reviewed", "domain_data": "False", "title": "GNU Free Documentation License",
        "url": "http://www.opendefinition.org/licenses/gfdl", "is_generic": "False",
        "is_okd_compliant": true, "is_osi_compliant": false, "domain_content": "True",
        "domain_software": "False", "id": "gfdl"}, {"status": "active", "maintainer":
        "", "od_conformance": "approved", "family": "", "osd_conformance": "not reviewed",
        "domain_data": "False", "title": "Otra (Abierta)", "url": "", "is_generic":
        "True", "is_okd_compliant": true, "is_osi_compliant": false, "domain_content":
        "True", "domain_software": "False", "id": "other-open"}, {"status": "active",
        "maintainer": "", "od_conformance": "approved", "family": "", "osd_conformance":
        "not reviewed", "domain_data": "False", "title": "Otra (Public Domain)", "url":
        "", "is_generic": "True", "is_okd_compliant": true, "is_osi_compliant": false,
        "domain_content": "True", "domain_software": "False", "id": "other-pd"}, {"status":
        "active", "maintainer": "", "od_conformance": "approved", "family": "", "osd_conformance":
        "not reviewed", "domain_data": "False", "title": "Otra (Atribuci\u00f3n)",
        "url": "", "is_generic": "True", "is_okd_compliant": true, "is_osi_compliant":
        false, "domain_content": "True", "domain_software": "False", "id": "other-at"},
        {"status": "active", "maintainer": "", "od_conformance": "approved", "family":
        "", "osd_conformance": "not reviewed", "domain_data": "False", "title": "UK
        Open Government Licence (OGL)", "url": "http://reference.data.gov.uk/id/open-government-licence",
        "is_generic": "False", "is_okd_compliant": true, "is_osi_compliant": false,
        "domain_content": "True", "domain_software": "False", "id": "uk-ogl"}, {"status":
        "active", "maintainer": "", "od_conformance": "not reviewed", "family": "",
        "osd_conformance": "not reviewed", "domain_data": "False", "title": "Creative
        Commons Non-Commercial (Cualquiera)", "url": "http://creativecommons.org/licenses/by-nc/2.0/",
        "is_generic": "False", "is_okd_compliant": false, "is_osi_compliant": false,
        "domain_content": "False", "domain_software": "False", "id": "cc-nc"}, {"status":
        "active", "maintainer": "", "od_conformance": "not reviewed", "family": "",
        "osd_conformance": "not reviewed", "domain_data": "False", "title": "Otra
        (No comercial)", "url": "", "is_generic": "True", "is_okd_compliant": false,
        "is_osi_compliant": false, "domain_content": "False", "domain_software": "False",
        "id": "other-nc"}, {"status": "active", "maintainer": "", "od_conformance":
        "not reviewed", "family": "", "osd_conformance": "not reviewed", "domain_data":
        "False", "title": "Otra (No abierta)", "url": "", "is_generic": "True", "is_okd_compliant":
        false, "is_osi_compliant": false, "domain_content": "False", "domain_software":
        "False", "id": "other-closed"}]}'}
    headers:
      cache-control: [no-cache]
      connection: [Keep-Alive]
      content-length: ['5727']
      content-type: [application/json;charset=utf-8]
      date: ['Fri, 02 Feb 2018 17:49:14 GMT']
      keep-alive: ['timeout=5, max=98']
      pragma: [no-cache]
      server: [Apache/2.4.7 (Ubuntu)]
    status: {code: 200, message: OK}
- request:
    body: !!python/unicode '{"owner_org": "org-test", "maintainer": "Ministerio de
      Justicia y Derechos Humanos. Secretar\u00eda de Planificaci\u00f3n Estrat\u00e9gica.
      Direcci\u00f3n Nacional del Sistema Argentino de Informaci\u00f3n Jur\u00eddica",
      "name": "basededatoslegislativosinfoleg", "title": "Base de datos legislativos
      Infoleg", "url": "http://datos.jus.gob.ar/dataset/base-de-datos-legislativos-infoleg",
      "notes": "Base de documentos digitales normativos nacionales: leyes, decisiones
      administrativas, decretos, resoluciones, disposiciones, acordadas y todo acto
      administrativo publicado en la primera secci\u00f3n del Bolet\u00edn Oficial
      de la Rep\u00fablica Argentina desde mayo 1997 m\u00e1s la normativa referenciada",
      "author": "Ministerio de Justicia y Derechos Humanos. Secretar\u00eda de Planificaci\u00f3n
      Estrat\u00e9gica. Direcci\u00f3n Nacional del Sistema Argentino de Informaci\u00f3n
      Jur\u00eddica", "private": false, "maintainer_email": "datosabiertos@saij.gob.ar",
      "author_email": "datosabiertos@saij.gob.ar", "extras": [{"value": "2016-09-05T18:25:21.249967",
      "key": "issued"}, {"value": "R/P1M", "key": "accrualPeriodicity"}, {"value":
      "[\"JUST\"]", "key": "super_theme"}, {"value": "2016-12-19T18:19:32.496552",
      "key": "modified"}], "groups": [{"name": "just"}], "license_id": "odc-odbl",
      "tags": [{"name": "acordadas"}, {"name": "boletnoficial"}, {"name": "decisiones"},
      {"name": "administrativas"}, {"name": "decretos"}, {"name": "disposiciones"},
      {"name": "leyes"}, {"name": "resoluciones"}, {"name": "informacion-juridica"}],
      "id": "datosjusticiaargentina_d9a963ea-8b1d-4ca3-9dd9-07a4773e8c23", "resources":
      [{"mimetype": null, "accessURL": "http://datos.jus.gob.ar/dataset/base-de-datos-legislativos-infoleg/archivo/8db246a2-48dd-4f2f-b08e-ab6293747882",
      "description": "Base de documentos digitales normativos nacionales: leyes, decisiones
      administrativas, decretos, resoluciones, disposiciones, acordadas y todo acto
      administrativo publicado en la primera secci\u00f3n del Bolet\u00edn", "format":
      "CSV", "url": "http://datos.jus.gob.ar/dataset/d9a963ea-8b1d-4ca3-9dd9-07a4773e8c23/resource/8db246a2-48dd-4f2f-b08e-ab6293747882/download/baseinfolegnormativanacional.csv",
      "attributesDescription": "[{\"type\": \"integer\", \"description\": \"Identificador
      \\u00fanico de la norma dentro de la base de datos.\", \"title\": \"id_norma\"},
      {\"type\": \"string\", \"description\": \"Tipo legal de la norma (Ley, Decreto,
      etc.).\", \"title\": \"tipo_norma\"}, {\"type\": \"string\", \"description\":
      \"N\\u00famero de norma.\", \"title\": \"numero_norma\"}, {\"type\": \"string\",
      \"description\": \"indica la clase de la norma.\", \"title\": \"clase_norma\"},
      {\"type\": \"string\", \"description\": \"Organismo de origen. Organismo que
      dict\\u00f3/ sancion\\u00f3 la norma.\", \"title\": \"organismo_origen\"}, {\"type\":
      \"string\", \"description\": \"N\\u00famero de boletin oficial en el que se
      public\\u00f3 la norma.\", \"title\": \"numero_boletin\"}, {\"type\": \"date\",
      \"description\": \"Fecha en la que la norma se public\\u00f3 en el bolet\\u00edn
      oficial (formato: DD/MM/AAAA).\", \"title\": \"fecha_boletin\"}, {\"type\":
      \"date\", \"description\": \"Fecha en la que la norma se sancion\\u00f3/dict\\u00f3  (formato:
      DD/MM/AAAA).\", \"title\": \"fecha_sancion\"}, {\"type\": \"integer\", \"description\":
      \"P\\u00e1gina del bolet\\u00edn oficial en la que se encuentra publicada la
      norma.\", \"title\": \"pagina_boletin\"}, {\"type\": \"string\", \"description\":
      \"Breve resumen del t\\u00edtulo.\", \"title\": \"titulo_resumido\"}, {\"type\":
      \"string\", \"description\": \"Sumario del t\\u00edtulo en una o dos palabras.
      (Ej: \\\"sistema integrado de jubilaciones\\\")\", \"title\": \"titulo_sumario\"},
      {\"type\": \"string\", \"description\": \"Texto resumido de la norma.(Ej: \\\"Convenio
      con San Juan ref. al sistema integrado de jubilaciones\\\")\", \"title\": \"texto_resumido\"},
      {\"type\": \"string\", \"description\": \"Observaciones referentes a la norma
      (abrogada, modificada, etc.).\", \"title\": \"observaciones\"}, {\"type\": \"string\",
      \"description\": \"Hiperv\\u00ednculo al texto original de la norma.\", \"title\":
      \"texto_original\"}, {\"type\": \"string\", \"description\": \"Hiperv\\u00ednculo
      al texto actualizado de la norma.\", \"title\": \"texto_actualizado\"}, {\"type\":
      \"integer\", \"description\": \"Identificar \\u00fanico de la norma que la modifica.\",
      \"title\": \"modificada_por\"}, {\"type\": \"integer\", \"description\": \"Identificar
      \\u00fanico de la norma que modifica.\", \"title\": \"modifica_a\"}]", "created":
      "2016-09-29T11:17:50.274309", "last_modified": "2016-12-19T12:38:58.700747",
      "size": null, "id": "datosjusticiaargentina_d9a963ea-8b1d-4ca3-9dd9-07a4773e8c23_1",
      "name": "Base Infoleg de Normativa Nacional"}, {"mimetype": null, "accessURL":
      "http://datos.jus.gob.ar/dataset/base-de-datos-legislativos-infoleg/archivo/d9fbf1d5-679e-4833-bcdc-3a8f58523d18",
      "description": "Base complementaria Infoleg con normas nacionales modificadas:
      leyes, decisiones administrativas, decretos, resoluciones, disposiciones, acordadas
      y todo acto administrativo publicado en la primera secci\u00f3n del Bolet\u00edn
      Oficial de la Rep\u00fablica Argentina desde mayo 1997 m\u00e1s la normativa
      referenciada", "format": "CSV", "url": "http://datos.jus.gob.ar/dataset/d9a963ea-8b1d-4ca3-9dd9-07a4773e8c23/resource/d9fbf1d5-679e-4833-bcdc-3a8f58523d18/download/basecomplementariainfolegnormasmodificadas.csv",
      "attributesDescription": "[{\"type\": \"integer\", \"description\": \"Identificador
      \\u00fanico de la norma modificada dentro de la base de datos.\", \"title\":
      \"id_norma_modificada\"}, {\"type\": \"integer\", \"description\": \"Identificador
      \\u00fanico de la norma modificatoria dentro de la base de datos.\", \"title\":
      \"id_norma_modificatoria\"}, {\"type\": \"string\", \"description\": \"Tipo
      legal de la norma (Ley, Decreto, etc.).\", \"title\": \"tipo_norma\"}, {\"type\":
      \"string\", \"description\": \"N\\u00famero de norma.\", \"title\": \"numero_norma\"},
      {\"type\": \"string\", \"description\": \"Indica la clase de la norma.\", \"title\":
      \"clase_norma\"}, {\"type\": \"string\", \"description\": \"Organismo de origen.
      Organismo que dict\\u00f3/ sancion\\u00f3 la norma.\", \"title\": \"organismo_origen\"},
      {\"type\": \"date\", \"description\": \"Fecha en la que la norma se public\\u00f3
      en el bolet\\u00edn oficial  (formato: DD/MM/AAAA).\", \"title\": \"fecha_boletin\"},
      {\"type\": \"string\", \"description\": \"Breve resumen del t\\u00edtulo.\",
      \"title\": \"titulo_resumido\"}, {\"type\": \"string\", \"description\": \"Sumario
      del t\\u00edtulo en una o dos palabras. (Ej: \\\"sistema integrado de jubilaciones\\\")\",
      \"title\": \"titulo_sumario\"}]", "created": "2016-10-14T16:02:49.841535", "last_modified":
      "2016-12-19T14:48:05.348064", "size": null, "id": "datosjusticiaargentina_d9a963ea-8b1d-4ca3-9dd9-07a4773e8c23_2",
      "name": "Base Complementaria Infoleg de Normas Modificadas"}, {"mimetype": null,
      "accessURL": "http://datos.jus.gob.ar/dataset/base-de-datos-legislativos-infoleg/archivo/f9170086-6538-44f1-8c7e-3e193c1fea7f",
      "description": "Base complementaria Infoleg con normas nacionales modificatorias:
      leyes,  decisiones administrativas, decretos, resoluciones, disposiciones, acordadas
      y  todo acto administrativo publicado en la primera secci\u00f3n del Bolet\u00edn
      Oficial de la Rep\u00fablica Argentina desde mayo 1997 m\u00e1s la normativa
      referenciada", "format": "CSV", "url": "http://datos.jus.gob.ar/dataset/d9a963ea-8b1d-4ca3-9dd9-07a4773e8c23/resource/f9170086-6538-44f1-8c7e-3e193c1fea7f/download/basecomplementariainfolegnormasmodificatorias.csv",
      "attributesDescription": "[{\"type\": \"integer\", \"description\": \"Identificador
      \\u00fanico de la norma modificatoria dentro de la base de datos.\", \"title\":
      \"id_norma_modificatoria\"}, {\"type\": \"integer\", \"description\": \"Identificador
      \\u00fanico de la norma modificada dentro de la base de datos.\", \"title\":
      \"id_norma_modificada\"}, {\"type\": \"string\", \"description\": \"Tipo legal
      de la norma (Ley, Decreto, etc.).\", \"title\": \"tipo_norma\"}, {\"type\":
      \"string\", \"description\": \"N\\u00famero de norma.\", \"title\": \"numero_norma\"},
      {\"type\": \"string\", \"description\": \"Indica la clase de la norma.\", \"title\":
      \"clase_norma\"}, {\"type\": \"string\", \"description\": \"Organismo de origen.
      Organismo que dict\\u00f3/ sancion\\u00f3 la norma.\", \"title\": \"organismo_origen\"},
      {\"type\": \"date\", \"description\": \"Fecha en la que la norma se public\\u00f3
      en el bolet\\u00edn oficial  (formato: DD/MM/AAAA).\", \"title\": \"fecha_boletin\"},
      {\"type\": \"string\", \"description\": \"Breve resumen del t\\u00edtulo.\",
      \"title\": \"titulo_resumido\"}, {\"type\": \"string\", \"description\": \"Sumario
      del t\\u00edtulo en una o dos palabras. (Ej: \\\"sistema integrado de jubilaciones\\\")\",
      \"title\": \"titulo_sumario\"}]", "created": "2016-10-18T17:26:58.415087", "last_modified":
      "2016-12-19T14:47:21.330355", "size": null, "id": "datosjusticiaargentina_d9a963ea-8b1d-4ca3-9dd9-07a4773e8c23_3",
      "name": "Base Complementaria Infoleg de Normas Modificatorias"}]}'
    headers:
      Accept: ['*/*']
      Accept-Encoding: ['gzip, deflate']
      Authorization: [153a648e-eed1-47a6-b53e-d3e30dc030b3]
      Connection: [keep-alive]
      Content-Length: ['9186']
      Content-Type: [application/json]
      User-Agent: ['ckanapi/4.0 (+https://github.com/ckan/ckanapi)']
      X-CKAN-API-Key: [153a648e-eed1-47a6-b53e-d3e30dc030b3]
    method: POST
    uri: http://localhost:8080/api/action/package_update
  response:
    body: {string: !!python/unicode '{"help": "http://localhost:8080/api/3/action/help_show?name=package_update",
        "success": false, "error": {"message": "No encontrado: No se ha encontrado
        el paquete.", "__type": "Not Found Error"}}'}
    headers:
      cache-control: [no-cache]
      connection: [Keep-Alive]
      content-length: ['195']
      content-type: [application/json;charset=utf-8]
      date: ['Fri, 02 Feb 2018 17:49:14 GMT']
      keep-alive: ['timeout=5, max=97']
      pragma: [no-cache]
      server: [Apache/2.4.7 (Ubuntu)]
    status: {code: 404, message: Not Found}
- request:
    body: !!python/unicode '{"owner_org": "org-test", "maintainer": "Ministerio de
      Justicia y Derechos Humanos. Secretar\u00eda de Planificaci\u00f3n Estrat\u00e9gica.
      Direcci\u00f3n Nacional del Sistema Argentino de Informaci\u00f3n Jur\u00eddica",
      "name": "basededatoslegislativosinfoleg", "title": "Base de datos legislativos
      Infoleg", "url": "http://datos.jus.gob.ar/dataset/base-de-datos-legislativos-infoleg",
      "notes": "Base de documentos digitales normativos nacionales: leyes, decisiones
      administrativas, decretos, resoluciones, disposiciones, acordadas y todo acto
      administrativo publicado en la primera secci\u00f3n del Bolet\u00edn Oficial
      de la Rep\u00fablica Argentina desde mayo 1997 m\u00e1s la normativa referenciada",
      "author": "Ministerio de Justicia y Derechos Humanos. Secretar\u00eda de Planificaci\u00f3n
      Estrat\u00e9gica. Direcci\u00f3n Nacional del Sistema Argentino de Informaci\u00f3n
      Jur\u00eddica", "private": false, "maintainer_email": "datosabiertos@saij.gob.ar",
      "author_email": "datosabiertos@saij.gob.ar", "extras": [{"value": "2016-09-05T18:25:21.249967",
      "key": "issued"}, {"value": "R/P1M", "key": "accrualPeriodicity"}, {"value":
      "[\"JUST\"]", "key": "super_theme"}, {"value": "2016-12-19T18:19:32.496552",
      "key": "modified"}], "groups": [{"name": "just"}], "license_id": "odc-odbl",
      "tags": [{"name": "acordadas"}, {"name": "boletnoficial"}, {"name": "decisiones"},
      {"name": "administrativas"}, {"name": "decretos"}, {"name": "disposiciones"},
      {"name": "leyes"}, {"name": "resoluciones"}, {"name": "informacion-juridica"}],
      "id": "datosjusticiaargentina_d9a963ea-8b1d-4ca3-9dd9-07a4773e8c23", "resources":
      [{"mimetype": null, "accessURL": "http://datos.jus.gob.ar/dataset/base-de-datos-legislativos-infoleg/archivo/8db246a2-48dd-4f2f-b08e-ab6293747882",
      "description": "Base de documentos digitales normativos nacionales: leyes, decisiones
      administrativas, decretos, resoluciones, disposiciones, acordadas y todo acto
      administrativo publicado en la primera secci\u00f3n del Bolet\u00edn", "format":
      "CSV", "url": "http://datos.jus.gob.ar/dataset/d9a963ea-8b1d-4ca3-9dd9-07a4773e8c23/resource/8db246a2-48dd-4f2f-b08e-ab6293747882/download/baseinfolegnormativanacional.csv",
      "attributesDescription": "[{\"type\": \"integer\", \"description\": \"Identificador
      \\u00fanico de la norma dentro de la base de datos.\", \"title\": \"id_norma\"},
      {\"type\": \"string\", \"description\": \"Tipo legal de la norma (Ley, Decreto,
      etc.).\", \"title\": \"tipo_norma\"}, {\"type\": \"string\", \"description\":
      \"N\\u00famero de norma.\", \"title\": \"numero_norma\"}, {\"type\": \"string\",
      \"description\": \"indica la clase de la norma.\", \"title\": \"clase_norma\"},
      {\"type\": \"string\", \"description\": \"Organismo de origen. Organismo que
      dict\\u00f3/ sancion\\u00f3 la norma.\", \"title\": \"organismo_origen\"}, {\"type\":
      \"string\", \"description\": \"N\\u00famero de boletin oficial en el que se
      public\\u00f3 la norma.\", \"title\": \"numero_boletin\"}, {\"type\": \"date\",
      \"description\": \"Fecha en la que la norma se public\\u00f3 en el bolet\\u00edn
      oficial (formato: DD/MM/AAAA).\", \"title\": \"fecha_boletin\"}, {\"type\":
      \"date\", \"description\": \"Fecha en la que la norma se sancion\\u00f3/dict\\u00f3  (formato:
      DD/MM/AAAA).\", \"title\": \"fecha_sancion\"}, {\"type\": \"integer\", \"description\":
      \"P\\u00e1gina del bolet\\u00edn oficial en la que se encuentra publicada la
      norma.\", \"title\": \"pagina_boletin\"}, {\"type\": \"string\", \"description\":
      \"Breve resumen del t\\u00edtulo.\", \"title\": \"titulo_resumido\"}, {\"type\":
      \"string\", \"description\": \"Sumario del t\\u00edtulo en una o dos palabras.
      (Ej: \\\"sistema integrado de jubilaciones\\\")\", \"title\": \"titulo_sumario\"},
      {\"type\": \"string\", \"description\": \"Texto resumido de la norma.(Ej: \\\"Convenio
      con San Juan ref. al sistema integrado de jubilaciones\\\")\", \"title\": \"texto_resumido\"},
      {\"type\": \"string\", \"description\": \"Observaciones referentes a la norma
      (abrogada, modificada, etc.).\", \"title\": \"observaciones\"}, {\"type\": \"string\",
      \"description\": \"Hiperv\\u00ednculo al texto original de la norma.\", \"title\":
      \"texto_original\"}, {\"type\": \"string\", \"description\": \"Hiperv\\u00ednculo
      al texto actualizado de la norma.\", \"title\": \"texto_actualizado\"}, {\"type\":
      \"integer\", \"description\": \"Identificar \\u00fanico de la norma que la modifica.\",
      \"title\": \"modificada_por\"}, {\"type\": \"integer\", \"description\": \"Identificar
      \\u00fanico de la norma que modifica.\", \"title\": \"modifica_a\"}]", "created":
      "2016-09-29T11:17:50.274309", "last_modified": "2016-12-19T12:38:58.700747",
      "size": null, "id": "datosjusticiaargentina_d9a963ea-8b1d-4ca3-9dd9-07a4773e8c23_1",
      "name": "Base Infoleg de Normativa Nacional"}, {"mimetype": null, "accessURL":
      "http://datos.jus.gob.ar/dataset/base-de-datos-legislativos-infoleg/archivo/d9fbf1d5-679e-4833-bcdc-3a8f58523d18",
      "description": "Base complementaria Infoleg con normas nacionales modificadas:
      leyes, decisiones administrativas, decretos, resoluciones, disposiciones, acordadas
      y todo acto administrativo publicado en la primera secci\u00f3n del Bolet\u00edn
      Oficial de la Rep\u00fablica Argentina desde mayo 1997 m\u00e1s la normativa
      referenciada", "format": "CSV", "url": "http://datos.jus.gob.ar/dataset/d9a963ea-8b1d-4ca3-9dd9-07a4773e8c23/resource/d9fbf1d5-679e-4833-bcdc-3a8f58523d18/download/basecomplementariainfolegnormasmodificadas.csv",
      "attributesDescription": "[{\"type\": \"integer\", \"description\": \"Identificador
      \\u00fanico de la norma modificada dentro de la base de datos.\", \"title\":
      \"id_norma_modificada\"}, {\"type\": \"integer\", \"description\": \"Identificador
      \\u00fanico de la norma modificatoria dentro de la base de datos.\", \"title\":
      \"id_norma_modificatoria\"}, {\"type\": \"string\", \"description\": \"Tipo
      legal de la norma (Ley, Decreto, etc.).\", \"title\": \"tipo_norma\"}, {\"type\":
      \"string\", \"description\": \"N\\u00famero de norma.\", \"title\": \"numero_norma\"},
      {\"type\": \"string\", \"description\": \"Indica la clase de la norma.\", \"title\":
      \"clase_norma\"}, {\"type\": \"string\", \"description\": \"Organismo de origen.
      Organismo que dict\\u00f3/ sancion\\u00f3 la norma.\", \"title\": \"organismo_origen\"},
      {\"type\": \"date\", \"description\": \"Fecha en la que la norma se public\\u00f3
      en el bolet\\u00edn oficial  (formato: DD/MM/AAAA).\", \"title\": \"fecha_boletin\"},
      {\"type\": \"string\", \"description\": \"Breve resumen del t\\u00edtulo.\",
      \"title\": \"titulo_resumido\"}, {\"type\": \"string\", \"description\": \"Sumario
      del t\\u00edtulo en una o dos palabras. (Ej: \\\"sistema integrado de jubilaciones\\\")\",
      \"title\": \"titulo_sumario\"}]", "created": "2016-10-14T16:02:49.841535", "last_modified":
      "2016-12-19T14:48:05.348064", "size": null, "id": "datosjusticiaargentina_d9a963ea-8b1d-4ca3-9dd9-07a4773e8c23_2",
      "name": "Base Complementaria Infoleg de Normas Modificadas"}, {"mimetype": null,
      "accessURL": "http://datos.jus.gob.ar/dataset/base-de-datos-legislativos-infoleg/archivo/f9170086-6538-44f1-8c7e-3e193c1fea7f",
      "description": "Base complementaria Infoleg con normas nacionales modificatorias:
      leyes,  decisiones administrativas, decretos, resoluciones, disposiciones, acordadas
      y  todo acto administrativo publicado en la primera secci\u00f3n del Bolet\u00edn
      Oficial de la Rep\u00fablica Argentina desde mayo 1997 m\u00e1s la normativa
      referenciada", "format": "CSV", "url": "http://datos.jus.gob.ar/dataset/d9a963ea-8b1d-4ca3-9dd9-07a4773e8c23/resource/f9170086-6538-44f1-8c7e-3e193c1fea7f/download/basecomplementariainfolegnormasmodificatorias.csv",
      "attributesDescription": "[{\"type\": \"integer\", \"description\": \"Identificador
      \\u00fanico de la norma modificatoria dentro de la base de datos.\", \"title\":
      \"id_norma_modificatoria\"}, {\"type\": \"integer\", \"description\": \"Identificador
      \\u00fanico de la norma modificada dentro de la base de datos.\", \"title\":
      \"id_norma_modificada\"}, {\"type\": \"string\", \"description\": \"Tipo legal
      de la norma (Ley, Decreto, etc.).\", \"title\": \"tipo_norma\"}, {\"type\":
      \"string\", \"description\": \"N\\u00famero de norma.\", \"title\": \"numero_norma\"},
      {\"type\": \"string\", \"description\": \"Indica la clase de la norma.\", \"title\":
      \"clase_norma\"}, {\"type\": \"string\", \"description\": \"Organismo de origen.
      Organismo que dict\\u00f3/ sancion\\u00f3 la norma.\", \"title\": \"organismo_origen\"},
      {\"type\": \"date\", \"description\": \"Fecha en la que la norma se public\\u00f3
      en el bolet\\u00edn oficial  (formato: DD/MM/AAAA).\", \"title\": \"fecha_boletin\"},
      {\"type\": \"string\", \"description\": \"Breve resumen del t\\u00edtulo.\",
      \"title\": \"titulo_resumido\"}, {\"type\": \"string\", \"description\": \"Sumario
      del t\\u00edtulo en una o dos palabras. (Ej: \\\"sistema integrado de jubilaciones\\\")\",
      \"title\": \"titulo_sumario\"}]", "created": "2016-10-18T17:26:58.415087", "last_modified":
      "2016-12-19T14:47:21.330355", "size": null, "id": "datosjusticiaargentina_d9a963ea-8b1d-4ca3-9dd9-07a4773e8c23_3",
      "name": "Base Complementaria Infoleg de Normas Modificatorias"}]}'
    headers:
      Accept: ['*/*']
      Accept-Encoding: ['gzip, deflate']
      Authorization: [153a648e-eed1-47a6-b53e-d3e30dc030b3]
      Connection: [keep-alive]
      Content-Length: ['9186']
      Content-Type: [application/json]
      User-Agent: ['ckanapi/4.0 (+https://github.com/ckan/ckanapi)']
      X-CKAN-API-Key: [153a648e-eed1-47a6-b53e-d3e30dc030b3]
    method: POST
    uri: http://localhost:8080/api/action/package_create
  response:
    body: {string: !!python/unicode '{"help": "http://localhost:8080/api/3/action/help_show?name=package_create",
        "success": true, "result": {"license_title": "Open Data Commons Open Database
        License (ODbL)", "maintainer": "Ministerio de Justicia y Derechos Humanos.
        Secretar\u00eda de Planificaci\u00f3n Estrat\u00e9gica. Direcci\u00f3n Nacional
        del Sistema Argentino de Informaci\u00f3n Jur\u00eddica", "relationships_as_object":
        [], "private": false, "maintainer_email": "datosabiertos@saij.gob.ar", "num_tags":
        9, "id": "datosjusticiaargentina_d9a963ea-8b1d-4ca3-9dd9-07a4773e8c23", "metadata_created":
        "2018-02-02T17:49:14.781793", "metadata_modified": "2018-02-02T17:49:14.798351",
        "author": "Ministerio de Justicia y Derechos Humanos. Secretar\u00eda de Planificaci\u00f3n
        Estrat\u00e9gica. Direcci\u00f3n Nacional del Sistema Argentino de Informaci\u00f3n
        Jur\u00eddica", "author_email": "datosabiertos@saij.gob.ar", "state": "active",
        "version": null, "creator_user_id": "82ad2aab-9fc3-4c97-a4e7-f695a302bac8",
        "type": "dataset", "resources": [{"cache_last_updated": null, "attributesDescription":
        "[{\"type\": \"integer\", \"description\": \"Identificador \\u00fanico de
        la norma dentro de la base de datos.\", \"title\": \"id_norma\"}, {\"type\":
        \"string\", \"description\": \"Tipo legal de la norma (Ley, Decreto, etc.).\",
        \"title\": \"tipo_norma\"}, {\"type\": \"string\", \"description\": \"N\\u00famero
        de norma.\", \"title\": \"numero_norma\"}, {\"type\": \"string\", \"description\":
        \"indica la clase de la norma.\", \"title\": \"clase_norma\"}, {\"type\":
        \"string\", \"description\": \"Organismo de origen. Organismo que dict\\u00f3/
        sancion\\u00f3 la norma.\", \"title\": \"organismo_origen\"}, {\"type\": \"string\",
        \"description\": \"N\\u00famero de boletin oficial en el que se public\\u00f3
        la norma.\", \"title\": \"numero_boletin\"}, {\"type\": \"date\", \"description\":
        \"Fecha en la que la norma se public\\u00f3 en el bolet\\u00edn oficial (formato:
        DD/MM/AAAA).\", \"title\": \"fecha_boletin\"}, {\"type\": \"date\", \"description\":
        \"Fecha en la que la norma se sancion\\u00f3/dict\\u00f3  (formato: DD/MM/AAAA).\",
        \"title\": \"fecha_sancion\"}, {\"type\": \"integer\", \"description\": \"P\\u00e1gina
        del bolet\\u00edn oficial en la que se encuentra publicada la norma.\", \"title\":
        \"pagina_boletin\"}, {\"type\": \"string\", \"description\": \"Breve resumen
        del t\\u00edtulo.\", \"title\": \"titulo_resumido\"}, {\"type\": \"string\",
        \"description\": \"Sumario del t\\u00edtulo en una o dos palabras. (Ej: \\\"sistema
        integrado de jubilaciones\\\")\", \"title\": \"titulo_sumario\"}, {\"type\":
        \"string\", \"description\": \"Texto resumido de la norma.(Ej: \\\"Convenio
        con San Juan ref. al sistema integrado de jubilaciones\\\")\", \"title\":
        \"texto_resumido\"}, {\"type\": \"string\", \"description\": \"Observaciones
        referentes a la norma (abrogada, modificada, etc.).\", \"title\": \"observaciones\"},
        {\"type\": \"string\", \"description\": \"Hiperv\\u00ednculo al texto original
        de la norma.\", \"title\": \"texto_original\"}, {\"type\": \"string\", \"description\":
        \"Hiperv\\u00ednculo al texto actualizado de la norma.\", \"title\": \"texto_actualizado\"},
        {\"type\": \"integer\", \"description\": \"Identificar \\u00fanico de la norma
        que la modifica.\", \"title\": \"modificada_por\"}, {\"type\": \"integer\",
        \"description\": \"Identificar \\u00fanico de la norma que modifica.\", \"title\":
        \"modifica_a\"}]", "package_id": "datosjusticiaargentina_d9a963ea-8b1d-4ca3-9dd9-07a4773e8c23",
        "webstore_last_updated": null, "datastore_active": false, "id": "datosjusticiaargentina_d9a963ea-8b1d-4ca3-9dd9-07a4773e8c23_1",
        "size": null, "state": "active", "accessURL": "http://datos.jus.gob.ar/dataset/base-de-datos-legislativos-infoleg/archivo/8db246a2-48dd-4f2f-b08e-ab6293747882",
        "hash": "", "description": "Base de documentos digitales normativos nacionales:
        leyes, decisiones administrativas, decretos, resoluciones, disposiciones,
        acordadas y todo acto administrativo publicado en la primera secci\u00f3n
        del Bolet\u00edn", "format": "CSV", "last_modified": "2016-12-19T12:38:58.700747",
        "url_type": null, "mimetype": null, "cache_url": null, "name": "Base Infoleg
        de Normativa Nacional", "created": "2016-09-29T11:17:50.274309", "url": "http://datos.jus.gob.ar/dataset/d9a963ea-8b1d-4ca3-9dd9-07a4773e8c23/resource/8db246a2-48dd-4f2f-b08e-ab6293747882/download/baseinfolegnormativanacional.csv",
        "webstore_url": null, "mimetype_inner": null, "position": 0, "revision_id":
        "d396ef7b-732d-416c-8949-ba182b2b9317", "resource_type": null}, {"cache_last_updated":
        null, "attributesDescription": "[{\"type\": \"integer\", \"description\":
        \"Identificador \\u00fanico de la norma modificada dentro de la base de datos.\",
        \"title\": \"id_norma_modificada\"}, {\"type\": \"integer\", \"description\":
        \"Identificador \\u00fanico de la norma modificatoria dentro de la base de
        datos.\", \"title\": \"id_norma_modificatoria\"}, {\"type\": \"string\", \"description\":
        \"Tipo legal de la norma (Ley, Decreto, etc.).\", \"title\": \"tipo_norma\"},
        {\"type\": \"string\", \"description\": \"N\\u00famero de norma.\", \"title\":
        \"numero_norma\"}, {\"type\": \"string\", \"description\": \"Indica la clase
        de la norma.\", \"title\": \"clase_norma\"}, {\"type\": \"string\", \"description\":
        \"Organismo de origen. Organismo que dict\\u00f3/ sancion\\u00f3 la norma.\",
        \"title\": \"organismo_origen\"}, {\"type\": \"date\", \"description\": \"Fecha
        en la que la norma se public\\u00f3 en el bolet\\u00edn oficial  (formato:
        DD/MM/AAAA).\", \"title\": \"fecha_boletin\"}, {\"type\": \"string\", \"description\":
        \"Breve resumen del t\\u00edtulo.\", \"title\": \"titulo_resumido\"}, {\"type\":
        \"string\", \"description\": \"Sumario del t\\u00edtulo en una o dos palabras.
        (Ej: \\\"sistema integrado de jubilaciones\\\")\", \"title\": \"titulo_sumario\"}]",
        "package_id": "datosjusticiaargentina_d9a963ea-8b1d-4ca3-9dd9-07a4773e8c23",
        "webstore_last_updated": null, "datastore_active": false, "id": "datosjusticiaargentina_d9a963ea-8b1d-4ca3-9dd9-07a4773e8c23_2",
        "size": null, "state": "active", "accessURL": "http://datos.jus.gob.ar/dataset/base-de-datos-legislativos-infoleg/archivo/d9fbf1d5-679e-4833-bcdc-3a8f58523d18",
        "hash": "", "description": "Base complementaria Infoleg con normas nacionales
        modificadas: leyes, decisiones administrativas, decretos, resoluciones, disposiciones,
        acordadas y todo acto administrativo publicado en la primera secci\u00f3n
        del Bolet\u00edn Oficial de la Rep\u00fablica Argentina desde mayo 1997 m\u00e1s
        la normativa referenciada", "format": "CSV", "last_modified": "2016-12-19T14:48:05.348064",
        "url_type": null, "mimetype": null, "cache_url": null, "name": "Base Complementaria
        Infoleg de Normas Modificadas", "created": "2016-10-14T16:02:49.841535", "url":
        "http://datos.jus.gob.ar/dataset/d9a963ea-8b1d-4ca3-9dd9-07a4773e8c23/resource/d9fbf1d5-679e-4833-bcdc-3a8f58523d18/download/basecomplementariainfolegnormasmodificadas.csv",
        "webstore_url": null, "mimetype_inner": null, "position": 1, "revision_id":
        "d396ef7b-732d-416c-8949-ba182b2b9317", "resource_type": null}, {"cache_last_updated":
        null, "attributesDescription": "[{\"type\": \"integer\", \"description\":
        \"Identificador \\u00fanico de la norma modificatoria dentro de la base de
        datos.\", \"title\": \"id_norma_modificatoria\"}, {\"type\": \"integer\",
        \"description\": \"Identificador \\u00fanico de la norma modificada dentro
        de la base de datos.\", \"title\": \"id_norma_modificada\"}, {\"type\": \"string\",
        \"description\": \"Tipo legal de la norma (Ley, Decreto, etc.).\", \"title\":
        \"tipo_norma\"}, {\"type\": \"string\", \"description\": \"N\\u00famero de
        norma.\", \"title\": \"numero_norma\"}, {\"type\": \"string\", \"description\":
        \"Indica la clase de la norma.\", \"title\": \"clase_norma\"}, {\"type\":
        \"string\", \"description\": \"Organismo de origen. Organismo que dict\\u00f3/
        sancion\\u00f3 la norma.\", \"title\": \"organismo_origen\"}, {\"type\": \"date\",
        \"description\": \"Fecha en la que la norma se public\\u00f3 en el bolet\\u00edn
        oficial  (formato: DD/MM/AAAA).\", \"title\": \"fecha_boletin\"}, {\"type\":
        \"string\", \"description\": \"Breve resumen del t\\u00edtulo.\", \"title\":
        \"titulo_resumido\"}, {\"type\": \"string\", \"description\": \"Sumario del
        t\\u00edtulo en una o dos palabras. (Ej: \\\"sistema integrado de jubilaciones\\\")\",
        \"title\": \"titulo_sumario\"}]", "package_id": "datosjusticiaargentina_d9a963ea-8b1d-4ca3-9dd9-07a4773e8c23",
        "webstore_last_updated": null, "datastore_active": false, "id": "datosjusticiaargentina_d9a963ea-8b1d-4ca3-9dd9-07a4773e8c23_3",
        "size": null, "state": "active", "accessURL": "http://datos.jus.gob.ar/dataset/base-de-datos-legislativos-infoleg/archivo/f9170086-6538-44f1-8c7e-3e193c1fea7f",
        "hash": "", "description": "Base complementaria Infoleg con normas nacionales
        modificatorias: leyes,  decisiones administrativas, decretos, resoluciones,
        disposiciones, acordadas y  todo acto administrativo publicado en la primera
        secci\u00f3n del Bolet\u00edn Oficial de la Rep\u00fablica Argentina desde
        mayo 1997 m\u00e1s la normativa referenciada", "format": "CSV", "last_modified":
        "2016-12-19T14:47:21.330355", "url_type": null, "mimetype": null, "cache_url":
        null, "name": "Base Complementaria Infoleg de Normas Modificatorias", "created":
        "2016-10-18T17:26:58.415087", "url": "http://datos.jus.gob.ar/dataset/d9a963ea-8b1d-4ca3-9dd9-07a4773e8c23/resource/f9170086-6538-44f1-8c7e-3e193c1fea7f/download/basecomplementariainfolegnormasmodificatorias.csv",
        "webstore_url": null, "mimetype_inner": null, "position": 2, "revision_id":
        "d396ef7b-732d-416c-8949-ba182b2b9317", "resource_type": null}], "num_resources":
        3, "tags": [{"vocabulary_id": null, "state": "active", "display_name": "acordadas",
        "id": "df2d435a-e944-459c-859d-982e7dea1915", "name": "acordadas"}, {"vocabulary_id":
        null, "state": "active", "display_name": "administrativas", "id": "5f2efb5b-5407-4db1-9c5d-ac53059e1620",
        "name": "administrativas"}, {"vocabulary_id": null, "state": "active", "display_name":
        "boletnoficial", "id": "db5784c2-22bf-4b6c-b11c-018e38aaf7cc", "name": "boletnoficial"},
        {"vocabulary_id": null, "state": "active", "display_name": "decisiones", "id":
        "f47f5912-f021-49b9-966b-f856dff99a2a", "name": "decisiones"}, {"vocabulary_id":
        null, "state": "active", "display_name": "decretos", "id": "298c0ae4-f527-46d9-9cc2-d4a7a81d1484",
        "name": "decretos"}, {"vocabulary_id": null, "state": "active", "display_name":
        "disposiciones", "id": "2d65be56-d38b-41b7-8b74-d05907c29101", "name": "disposiciones"},
        {"vocabulary_id": null, "state": "active", "display_name": "informacion-juridica",
        "id": "14479075-62ee-4402-8281-b2aac97966fa", "name": "informacion-juridica"},
        {"vocabulary_id": null, "state": "active", "display_name": "leyes", "id":
        "8e48a545-80a3-4a76-b48d-1f637355c5d0", "name": "leyes"}, {"vocabulary_id":
        null, "state": "active", "display_name": "resoluciones", "id": "37bb8d34-63b3-4bca-8959-0cff289af5e8",
        "name": "resoluciones"}], "groups": [{"display_name": "just", "description":
        "", "image_display_url": "", "title": "", "id": "c901f356-0e8c-4d2d-9d48-29f028c06462",
        "name": "just"}], "license_id": "odc-odbl", "relationships_as_subject": [],
        "organization": {"description": "", "created": "2018-01-25T12:47:08.565590",
        "title": "org-test", "name": "org-test", "is_organization": true, "state":
        "active", "image_url": "", "revision_id": "307b26b5-493b-41c6-9d64-53e653edd6b6",
        "type": "organization", "id": "502accbc-efc8-4403-9467-e7a1c22cffeb", "approval_status":
        "approved"}, "name": "basededatoslegislativosinfoleg", "isopen": true, "url":
        "http://datos.jus.gob.ar/dataset/base-de-datos-legislativos-infoleg", "notes":
        "Base de documentos digitales normativos nacionales: leyes, decisiones administrativas,
        decretos, resoluciones, disposiciones, acordadas y todo acto administrativo
        publicado en la primera secci\u00f3n del Bolet\u00edn Oficial de la Rep\u00fablica
        Argentina desde mayo 1997 m\u00e1s la normativa referenciada", "owner_org":
        "502accbc-efc8-4403-9467-e7a1c22cffeb", "extras": [{"key": "accrualPeriodicity",
        "value": "R/P1M"}, {"key": "issued", "value": "2016-09-05T18:25:21.249967"},
        {"key": "modified", "value": "2016-12-19T18:19:32.496552"}, {"key": "super_theme",
        "value": "[\"JUST\"]"}], "license_url": "http://www.opendefinition.org/licenses/odc-odbl",
        "title": "Base de datos legislativos Infoleg", "revision_id": "d396ef7b-732d-416c-8949-ba182b2b9317"}}'}
    headers:
      cache-control: [no-cache]
      connection: [Keep-Alive]
      content-length: ['12486']
      content-type: [application/json;charset=utf-8]
      date: ['Fri, 02 Feb 2018 17:49:14 GMT']
      keep-alive: ['timeout=5, max=96']
      pragma: [no-cache]
      server: [Apache/2.4.7 (Ubuntu)]
    status: {code: 200, message: OK}
version: 1
